Component: ARM Compiler 5.06 update 7 (build 960) Tool: armlink [4d3601]

==============================================================================

Section Cross References

    startup_stm32f405xx.o(STACK) refers (Special) to heapauxi.o(.text) for __use_two_region_memory
    startup_stm32f405xx.o(HEAP) refers (Special) to heapauxi.o(.text) for __use_two_region_memory
    startup_stm32f405xx.o(RESET) refers (Special) to heapauxi.o(.text) for __use_two_region_memory
    startup_stm32f405xx.o(RESET) refers to startup_stm32f405xx.o(STACK) for __initial_sp
    startup_stm32f405xx.o(RESET) refers to startup_stm32f405xx.o(.text) for Reset_Handler
    startup_stm32f405xx.o(RESET) refers to stm32f4xx_it.o(i.NMI_Handler) for NMI_Handler
    startup_stm32f405xx.o(RESET) refers to stm32f4xx_it.o(i.HardFault_Handler) for HardFault_Handler
    startup_stm32f405xx.o(RESET) refers to stm32f4xx_it.o(i.MemManage_Handler) for MemManage_Handler
    startup_stm32f405xx.o(RESET) refers to stm32f4xx_it.o(i.BusFault_Handler) for BusFault_Handler
    startup_stm32f405xx.o(RESET) refers to stm32f4xx_it.o(i.UsageFault_Handler) for UsageFault_Handler
    startup_stm32f405xx.o(RESET) refers to port.o(.emb_text) for SVC_Handler
    startup_stm32f405xx.o(RESET) refers to stm32f4xx_it.o(i.DebugMon_Handler) for DebugMon_Handler
    startup_stm32f405xx.o(RESET) refers to port.o(i.SysTick_Handler) for SysTick_Handler
    startup_stm32f405xx.o(RESET) refers to stm32f4xx_it.o(i.CAN1_TX_IRQHandler) for CAN1_TX_IRQHandler
    startup_stm32f405xx.o(RESET) refers to stm32f4xx_it.o(i.CAN1_RX0_IRQHandler) for CAN1_RX0_IRQHandler
    startup_stm32f405xx.o(RESET) refers to stm32f4xx_it.o(i.TIM8_BRK_TIM12_IRQHandler) for TIM8_BRK_TIM12_IRQHandler
    startup_stm32f405xx.o(RESET) refers to stm32f4xx_it.o(i.DMA2_Stream1_IRQHandler) for DMA2_Stream1_IRQHandler
    startup_stm32f405xx.o(RESET) refers to stm32f4xx_it.o(i.CAN2_TX_IRQHandler) for CAN2_TX_IRQHandler
    startup_stm32f405xx.o(RESET) refers to stm32f4xx_it.o(i.CAN2_RX0_IRQHandler) for CAN2_RX0_IRQHandler
    startup_stm32f405xx.o(RESET) refers to stm32f4xx_it.o(i.DMA2_Stream6_IRQHandler) for DMA2_Stream6_IRQHandler
    startup_stm32f405xx.o(RESET) refers to stm32f4xx_it.o(i.USART6_IRQHandler) for USART6_IRQHandler
    startup_stm32f405xx.o(.text) refers (Special) to heapauxi.o(.text) for __use_two_region_memory
    startup_stm32f405xx.o(.text) refers to system_stm32f4xx.o(i.SystemInit) for SystemInit
    startup_stm32f405xx.o(.text) refers to __main.o(!!!main) for __main
    startup_stm32f405xx.o(.text) refers to startup_stm32f405xx.o(HEAP) for Heap_Mem
    startup_stm32f405xx.o(.text) refers to startup_stm32f405xx.o(STACK) for Stack_Mem
    my_can.o(i.CAN1_Send_Test) refers to stm32f4xx_hal_can.o(i.HAL_CAN_AddTxMessage) for HAL_CAN_AddTxMessage
    my_can.o(i.CAN1_Send_Test) refers to can.o(.bss) for hcan1
    my_can.o(i.CAN2_Send_Test) refers to stm32f4xx_hal_can.o(i.HAL_CAN_AddTxMessage) for HAL_CAN_AddTxMessage
    my_can.o(i.CAN2_Send_Test) refers to my_can.o(.constdata) for .constdata
    my_can.o(i.CAN2_Send_Test) refers to can.o(.bss) for hcan2
    my_can.o(i.can1_init) refers to can.o(i.MX_CAN1_Init) for MX_CAN1_Init
    my_can.o(i.can1_init) refers to stm32f4xx_hal_can.o(i.HAL_CAN_ConfigFilter) for HAL_CAN_ConfigFilter
    my_can.o(i.can1_init) refers to stm32f4xx_hal_can.o(i.HAL_CAN_ActivateNotification) for HAL_CAN_ActivateNotification
    my_can.o(i.can1_init) refers to stm32f4xx_hal_can.o(i.HAL_CAN_Start) for HAL_CAN_Start
    my_can.o(i.can1_init) refers to can.o(.bss) for hcan1
    my_can.o(i.can2_init) refers to can.o(i.MX_CAN2_Init) for MX_CAN2_Init
    my_can.o(i.can2_init) refers to stm32f4xx_hal_can.o(i.HAL_CAN_ConfigFilter) for HAL_CAN_ConfigFilter
    my_can.o(i.can2_init) refers to stm32f4xx_hal_can.o(i.HAL_CAN_ActivateNotification) for HAL_CAN_ActivateNotification
    my_can.o(i.can2_init) refers to stm32f4xx_hal_can.o(i.HAL_CAN_Start) for HAL_CAN_Start
    my_can.o(i.can2_init) refers to can.o(.bss) for hcan2
    pid.o(i.PID_CascadeCalc) refers to pid.o(i.PID_Calc) for PID_Calc
    pid.o(i.get_PIDdata) refers to _printf_percent.o(.ARM.Collect$$_printf_percent$$00000000) for _printf_percent
    pid.o(i.get_PIDdata) refers to _printf_f.o(.ARM.Collect$$_printf_percent$$00000003) for _printf_f
    pid.o(i.get_PIDdata) refers to printf1.o(x$fpl$printf1) for _printf_fp_dec
    pid.o(i.get_PIDdata) refers to strncpy.o(.text) for strncpy
    pid.o(i.get_PIDdata) refers to atof.o(i.__hardfp_atof) for __hardfp_atof
    pid.o(i.get_PIDdata) refers to d2f.o(x$fpl$d2f) for __aeabi_d2f
    pid.o(i.get_PIDdata) refers to f2d.o(x$fpl$f2d) for __aeabi_f2d
    pid.o(i.get_PIDdata) refers to noretval__2printf.o(.text) for __2printf
    pid.o(i.get_PIDdata) refers to main.o(.bss) for mypid
    main.o(i.HAL_CAN_RxFifo0MsgPendingCallback) refers to stm32f4xx_hal_can.o(i.HAL_CAN_GetRxMessage) for HAL_CAN_GetRxMessage
[...]
    vPortGetIPSR                             0x08000305   Thumb Code     6  port.o(.emb_text)
    Reset_Handler                            0x0800030d   Thumb Code     8  startup_stm32f405xx.o(.text)
    ADC_IRQHandler                           0x08000327   Thumb Code     0  startup_stm32f405xx.o(.text)
    CAN1_RX1_IRQHandler                      0x08000327   Thumb Code     0  startup_stm32f405xx.o(.text)
    CAN1_SCE_IRQHandler                      0x08000327   Thumb Code     0  startup_stm32f405xx.o(.text)
    CAN2_RX1_IRQHandler                      0x08000327   Thumb Code     0  startup_stm32f405xx.o(.text)
    CAN2_SCE_IRQHandler                      0x08000327   Thumb Code     0  startup_stm32f405xx.o(.text)
    DMA1_Stream0_IRQHandler                  0x08000327   Thumb Code     0  startup_stm32f405xx.o(.text)
    DMA1_Stream1_IRQHandler                  0x08000327   Thumb Code     0  startup_stm32f405xx.o(.text)
    DMA1_Stream2_IRQHandler                  0x08000327   Thumb Code     0  startup_stm32f405xx.o(.text)
    DMA1_Stream3_IRQHandler                  0x08000327   Thumb Code     0  startup_stm32f405xx.o(.text)
    DMA1_Stream4_IRQHandler                  0x08000327   Thumb Code     0  startup_stm32f405xx.o(.text)
    DMA1_Stream5_IRQHandler                  0x08000327   Thumb Code     0  startup_stm32f405xx.o(.text)
    DMA1_Stream6_IRQHandler                  0x08000327   Thumb Code     0  startup_stm32f405xx.o(.text)
    DMA1_Stream7_IRQHandler                  0x08000327   Thumb Code     0  startup_stm32f405xx.o(.text)
    DMA2_Stream0_IRQHandler                  0x08000327   Thumb Code     0  startup_stm32f405xx.o(.text)
    DMA2_Stream2_IRQHandler                  0x08000327   Thumb Code     0  startup_stm32f405xx.o(.text)
    DMA2_Stream3_IRQHandler                  0x08000327   Thumb Code     0  startup_stm32f405xx.o(.text)
    DMA2_Stream4_IRQHandler                  0x08000327   Thumb Code     0  startup_stm32f405xx.o(.text)
    DMA2_Stream5_IRQHandler                  0x08000327   Thumb Code     0  startup_stm32f405xx.o(.text)
    DMA2_Stream7_IRQHandler                  0x08000327   Thumb Code     0  startup_stm32f405xx.o(.text)
    EXTI0_IRQHandler                         0x08000327   Thumb Code     0  startup_stm32f405xx.o(.text)
    EXTI15_10_IRQHandler                     0x08000327   Thumb Code     0  startup_stm32f405xx.o(.text)
    EXTI1_IRQHandler                         0x08000327   Thumb Code     0  startup_stm32f405xx.o(.text)
    EXTI2_IRQHandler                         0x08000327   Thumb Code     0  startup_stm32f405xx.o(.text)
    EXTI3_IRQHandler                         0x08000327   Thumb Code     0  startup_stm32f405xx.o(.text)
    EXTI4_IRQHandler                         0x08000327   Thumb Code     0  startup_stm32f405xx.o(.text)
    EXTI9_5_IRQHandler                       0x08000327   Thumb Code     0  startup_stm32f405xx.o(.text)
    FLASH_IRQHandler                         0x08000327   Thumb Code     0  startup_stm32f405xx.o(.text)
    FMC_IRQHandler                           0x08000327   Thumb Code     0  startup_stm32f405xx.o(.text)
    FPU_IRQHandler                           0x08000327   Thumb Code     0  startup_stm32f405xx.o(.text)
    HASH_RNG_IRQHandler                      0x08000327   Thumb Code     0  startup_stm32f405xx.o(.text)
    I2C1_ER_IRQHandler                       0x08000327   Thumb Code     0  startup_stm32f405xx.o(.text)
    I2C1_EV_IRQHandler                       0x08000327   Thumb Code     0  startup_stm32f405xx.o(.text)
    I2C2_ER_IRQHandler                       0x08000327   Thumb Code     0  startup_stm32f405xx.o(.text)
    I2C2_EV_IRQHandler                       0x08000327   Thumb Code     0  startup_stm32f405xx.o(.text)
    I2C3_ER_IRQHandler                       0x08000327   Thumb Code     0  startup_stm32f405xx.o(.text)
    I2C3_EV_IRQHandler                       0x08000327   Thumb Code     0  startup_stm32f405xx.o(.text)
    OTG_FS_IRQHandler                        0x08000327   Thumb Code     0  startup_stm32f405xx.o(.text)
    OTG_FS_WKUP_IRQHandler                   0x08000327   Thumb Code     0  startup_stm32f405xx.o(.text)
    OTG_HS_EP1_IN_IRQHandler                 0x08000327   Thumb Code     0  startup_stm32f405xx.o(.text)
    OTG_HS_EP1_OUT_IRQHandler                0x08000327   Thumb Code     0  startup_stm32f405xx.o(.text)
    OTG_HS_IRQHandler                        0x08000327   Thumb Code     0  startup_stm32f405xx.o(.text)
    OTG_HS_WKUP_IRQHandler                   0x08000327   Thumb Code     0  startup_stm32f405xx.o(.text)
    PVD_IRQHandler                           0x08000327   Thumb Code     0  startup_stm32f405xx.o(.text)
    RCC_IRQHandler                           0x08000327   Thumb Code     0  startup_stm32f405xx.o(.text)
    RTC_Alarm_IRQHandler                     0x08000327   Thumb Code     0  startup_stm32f405xx.o(.text)
    RTC_WKUP_IRQHandler                      0x08000327   Thumb Code     0  startup_stm32f405xx.o(.text)
    SDIO_IRQHandler                          0x08000327   Thumb Code     0  startup_stm32f405xx.o(.text)
    SPI1_IRQHandler                          0x08000327   Thumb Code     0  startup_stm32f405xx.o(.text)
    SPI2_IRQHandler                          0x08000327   Thumb Code     0  startup_stm32f405xx.o(.text)
    SPI3_IRQHandler                          0x08000327   Thumb Code     0  startup_stm32f405xx.o(.text)
    TAMP_STAMP_IRQHandler                    0x08000327   Thumb Code     0  startup_stm32f405xx.o(.text)
    TIM1_BRK_TIM9_IRQHandler                 0x08000327   Thumb Code     0  startup_stm32f405xx.o(.text)
    TIM1_CC_IRQHandler                       0x08000327   Thumb Code     0  startup_stm32f405xx.o(.text)
    TIM1_TRG_COM_TIM11_IRQHandler            0x08000327   Thumb Code     0  startup_stm32f405xx.o(.text)
    TIM1_UP_TIM10_IRQHandler                 0x08000327   Thumb Code     0  startup_stm32f405xx.o(.text)
    TIM2_IRQHandler                          0x08000327   Thumb Code     0  startup_stm32f405xx.o(.text)
    TIM3_IRQHandler                          0x08000327   Thumb Code     0  startup_stm32f405xx.o(.text)
    TIM4_IRQHandler                          0x08000327   Thumb Code     0  startup_stm32f405xx.o(.text)
    TIM5_IRQHandler                          0x08000327   Thumb Code     0  startup_stm32f405xx.o(.text)
    TIM6_DAC_IRQHandler                      0x08000327   Thumb Code     0  startup_stm32f405xx.o(.text)
    TIM7_IRQHandler                          0x08000327   Thumb Code     0  startup_stm32f405xx.o(.text)
    TIM8_CC_IRQHandler                       0x08000327   Thumb Code     0  startup_stm32f405xx.o(.text)
    TIM8_TRG_COM_TIM14_IRQHandler            0x08000327   Thumb Code     0  startup_stm32f405xx.o(.text)
    TIM8_UP_TIM13_IRQHandler                 0x08000327   Thumb Code     0  startup_stm32f405xx.o(.text)
    UART4_IRQHandler                         0x08000327   Thumb Code     0  startup_stm32f405xx.o(.text)
    UART5_IRQHandler                         0x08000327   Thumb Code     0  startup_stm32f405xx.o(.text)
    USART1_IRQHandler                        0x08000327   Thumb Code     0  startup_stm32f405xx.o(.text)
    USART2_IRQHandler                        0x08000327   Thumb Code     0  startup_stm32f405xx.o(.text)
    USART3_IRQHandler                        0x08000327   Thumb Code     0  startup_stm32f405xx.o(.text)
    WWDG_IRQHandler                          0x08000327   Thumb Code     0  startup_stm32f405xx.o(.text)
    __user_initial_stackheap                 0x08000329   Thumb Code     0  startup_stm32f405xx.o(.text)
    __use_no_semihosting                     0x0800034d   Thumb Code     2  use_no_semi_2.o(.text)
    __aeabi_uldivmod                         0x0800034f   Thumb Code     0  lludivv7m.o(.text)
    _ll_udiv                                 0x0800034f   Thumb Code   238  lludivv7m.o(.text)
    __aeabi_ldivmod                          0x0800043d   Thumb Code     0  llsdiv.o(.text)
    _ll_sdiv                                 0x0800043d   Thumb Code    72  llsdiv.o(.text)
    __2printf                                0x08000485   Thumb Code    20  noretval__2printf.o(.text)
    __printf                                 0x0800049d   Thumb Code   104  __printf.o(.text)
    memcmp                                   0x08000505   Thumb Code    88  memcmp.o(.text)
    __aeabi_memset                           0x0800055d   Thumb Code    16  aeabi_memset.o(.text)
    __aeabi_memclr4                          0x0800056d   Thumb Code     0  rt_memclr_w.o(.text)
    __aeabi_memclr8                          0x0800056d   Thumb Code     0  rt_memclr_w.o(.text)
    __rt_memclr_w                            0x0800056d   Thumb Code    78  rt_memclr_w.o(.text)
    _memset_w                                0x08000571   Thumb Code     0  rt_memclr_w.o(.text)
    strncpy                                  0x080005bb   Thumb Code    86  strncpy.o(.text)
    __use_two_region_memory                  0x08000611   Thumb Code     2  heapauxi.o(.text)
    __rt_heap_escrow$2region                 0x08000613   Thumb Code     2  heapauxi.o(.text)
    __rt_heap_expand$2region                 0x08000615   Thumb Code     2  heapauxi.o(.text)
    __semihosting$guard                      0x08000617   Thumb Code     0  use_no_semi.o(.text)
    __use_no_semihosting_swi                 0x08000617   Thumb Code     2  use_no_semi.o(.text)
    __read_errno                             0x08000619   Thumb Code    10  _rserrno.o(.text)
    __set_errno                              0x08000623   Thumb Code    12  _rserrno.o(.text)
    __lib_sel_fp_printf                      0x0800062f   Thumb Code     2  _printf_fp_dec.o(.text)
    _printf_fp_dec_real                      0x080007e1   Thumb Code   620  _printf_fp_dec.o(.text)
    _printf_char_file                        0x08000a4d   Thumb Code    32  _printf_char_file.o(.text)
    __strtod_int                             0x08000aad   Thumb Code    90  strtod.o(.text)
    __aeabi_memclr                           0x08000b15   Thumb Code     0  rt_memclr.o(.text)
    __rt_memclr                              0x08000b15   Thumb Code    68  rt_memclr.o(.text)
    _memset                                  0x08000b19   Thumb Code     0  rt_memclr.o(.text)
    __rt_locale                              0x08000b59   Thumb Code     8  rt_locale_intlibspace.o(.text)
    __aeabi_errno_addr                       0x08000b61   Thumb Code     8  rt_errno_addr_intlibspace.o(.text)
    __errno$intlibspace                      0x08000b61   Thumb Code     0  rt_errno_addr_intlibspace.o(.text)
    __rt_errno_addr$intlibspace              0x08000b61   Thumb Code     0  rt_errno_addr_intlibspace.o(.text)
    _ll_udiv10                               0x08000b69   Thumb Code   138  lludiv10.o(.text)
    isspace                                  0x08000bf3   Thumb Code    18  isspace.o(.text)
    _printf_char_common                      0x08000c0f   Thumb Code    32  _printf_char_common.o(.text)
    _printf_fp_infnan                        0x08000c35   Thumb Code   112  _printf_fp_infnan.o(.text)
    _sgetc                                   0x08000cb5   Thumb Code    30  _sgetc.o(.text)
    _sbackspace                              0x08000cd3   Thumb Code    34  _sgetc.o(.text)
    _btod_etento                             0x08000cf5   Thumb Code   224  bigflt0.o(.text)
    ferror                                   0x08000dd9   Thumb Code     8  ferror.o(.text)
    __user_libspace                          0x08000de1   Thumb Code     8  libspace.o(.text)
    __user_perproc_libspace                  0x08000de1   Thumb Code     0  libspace.o(.text)
    __user_perthread_libspace                0x08000de1   Thumb Code     0  libspace.o(.text)
    __user_setup_stackheap                   0x08000de9   Thumb Code    74  sys_stackheap_outer.o(.text)
    __rt_ctype_table                         0x08000e35   Thumb Code    16  rt_ctype_table.o(.text)
    _scanf_really_real                       0x08001091   Thumb Code   684  scanf_fp.o(.text)
    exit                                     0x0800133d   Thumb Code    18  exit.o(.text)
    strcmp                                   0x08001351   Thumb Code   128  strcmpv7m.o(.text)
    _scanf_really_hex_real                   0x080013d1   Thumb Code   786  scanf_hexfp.o(.text)
    _scanf_really_infnan                     0x080016f1   Thumb Code   292  scanf_infnan.o(.text)
    __aeabi_llsl                             0x08001825   Thumb Code     0  llshl.o(.text)
    _ll_shift_l                              0x08001825   Thumb Code    38  llshl.o(.text)
    _chval                                   0x0800184b   Thumb Code    28  _chval.o(.text)
    _btod_d2e                                0x08001867   Thumb Code    62  btod.o(CL$$btod_d2e)
    _d2e_denorm_low                          0x080018a5   Thumb Code    70  btod.o(CL$$btod_d2e_denorm_low)
    _d2e_norm_op1                            0x080018eb   Thumb Code    96  btod.o(CL$$btod_d2e_norm_op1)
    __btod_div_common                        0x0800194b   Thumb Code   696  btod.o(CL$$btod_div_common)
    _e2d                                     0x08001c85   Thumb Code   122  btod.o(CL$$btod_e2d)
    _e2e                                     0x08001d09   Thumb Code   220  btod.o(CL$$btod_e2e)
    _btod_ediv                               0x08001de5   Thumb Code    42  btod.o(CL$$btod_ediv)
    _btod_edivd                              0x08001e0f   Thumb Code    42  btod.o(CL$$btod_edivd)
    _btod_emul                               0x08001e39   Thumb Code    42  btod.o(CL$$btod_emul)
    _btod_emuld                              0x08001e63   Thumb Code    42  btod.o(CL$$btod_emuld)
    __btod_mult_common                       0x08001e8d   Thumb Code   580  btod.o(CL$$btod_mult_common)
    BusFault_Handler                         0x080020d1   Thumb Code     4  stm32f4xx_it.o(i.BusFault_Handler)
    CAN1_RX0_IRQHandler                      0x080020d5   Thumb Code    10  stm32f4xx_it.o(i.CAN1_RX0_IRQHandler)
    CAN1_TX_IRQHandler                       0x080020e5   Thumb Code    10  stm32f4xx_it.o(i.CAN1_TX_IRQHandler)
    CAN2_RX0_IRQHandler                      0x080020f5   Thumb Code    10  stm32f4xx_it.o(i.CAN2_RX0_IRQHandler)
    CAN2_TX_IRQHandler                       0x08002105   Thumb Code    10  stm32f4xx_it.o(i.CAN2_TX_IRQHandler)
    DMA2_Stream1_IRQHandler                  0x08002115   Thumb Code    10  stm32f4xx_it.o(i.DMA2_Stream1_IRQHandler)
    DMA2_Stream6_IRQHandler                  0x08002125   Thumb Code    10  stm32f4xx_it.o(i.DMA2_Stream6_IRQHandler)
    DebugMon_Handler                         0x08002213   Thumb Code     2  stm32f4xx_it.o(i.DebugMon_Handler)
    Error_Handler                            0x08002215   Thumb Code     6  main.o(i.Error_Handler)
    HAL_CAN_ActivateNotification             0x0800221b   Thumb Code    42  stm32f4xx_hal_can.o(i.HAL_CAN_ActivateNotification)
    HAL_CAN_ConfigFilter                     0x08002245   Thumb Code   286  stm32f4xx_hal_can.o(i.HAL_CAN_ConfigFilter)
    HAL_CAN_ErrorCallback                    0x08002369   Thumb Code     2  stm32f4xx_hal_can.o(i.HAL_CAN_ErrorCallback)
    HAL_CAN_GetRxMessage                     0x0800236b   Thumb Code   378  stm32f4xx_hal_can.o(i.HAL_CAN_GetRxMessage)
    HAL_CAN_IRQHandler                       0x080024e5   Thumb Code   590  stm32f4xx_hal_can.o(i.HAL_CAN_IRQHandler)
    HAL_CAN_Init                             0x08002733   Thumb Code   372  stm32f4xx_hal_can.o(i.HAL_CAN_Init)
    HAL_CAN_MspInit                          0x080028a9   Thumb Code   364  can.o(i.HAL_CAN_MspInit)
    HAL_CAN_RxFifo0FullCallback              0x08002a2d   Thumb Code     2  stm32f4xx_hal_can.o(i.HAL_CAN_RxFifo0FullCallback)
    HAL_CAN_RxFifo0MsgPendingCallback        0x08002a31   Thumb Code   104  main.o(i.HAL_CAN_RxFifo0MsgPendingCallback)
    HAL_CAN_RxFifo1FullCallback              0x08002aa5   Thumb Code     2  stm32f4xx_hal_can.o(i.HAL_CAN_RxFifo1FullCallback)
    HAL_CAN_RxFifo1MsgPendingCallback        0x08002aa7   Thumb Code     2  stm32f4xx_hal_can.o(i.HAL_CAN_RxFifo1MsgPendingCallback)
    HAL_CAN_SleepCallback                    0x08002aa9   Thumb Code     2  stm32f4xx_hal_can.o(i.HAL_CAN_SleepCallback)
    HAL_CAN_Start                            0x08002aab   Thumb Code    94  stm32f4xx_hal_can.o(i.HAL_CAN_Start)
    HAL_CAN_TxMailbox0AbortCallback          0x08002b09   Thumb Code     2  stm32f4xx_hal_can.o(i.HAL_CAN_TxMailbox0AbortCallback)
    HAL_CAN_TxMailbox0CompleteCallback       0x08002b0b   Thumb Code     2  stm32f4xx_hal_can.o(i.HAL_CAN_TxMailbox0CompleteCallback)
    HAL_CAN_TxMailbox1AbortCallback          0x08002b0d   Thumb Code     2  stm32f4xx_hal_can.o(i.HAL_CAN_TxMailbox1AbortCallback)
    HAL_CAN_TxMailbox1CompleteCallback       0x08002b0f   Thumb Code     2  stm32f4xx_hal_can.o(i.HAL_CAN_TxMailbox1CompleteCallback)
    HAL_CAN_TxMailbox2AbortCallback          0x08002b11   Thumb Code     2  stm32f4xx_hal_can.o(i.HAL_CAN_TxMailbox2AbortCallback)
    HAL_CAN_TxMailbox2CompleteCallback       0x08002b13   Thumb Code     2  stm32f4xx_hal_can.o(i.HAL_CAN_TxMailbox2CompleteCallback)
    HAL_CAN_WakeUpFromRxMsgCallback          0x08002b15   Thumb Code     2  stm32f4xx_hal_can.o(i.HAL_CAN_WakeUpFromRxMsgCallback)
    HAL_DMA_Abort                            0x08002b17   Thumb Code   172  stm32f4xx_hal_dma.o(i.HAL_DMA_Abort)
    HAL_DMA_Abort_IT                         0x08002bc3   Thumb Code    40  stm32f4xx_hal_dma.o(i.HAL_DMA_Abort_IT)
    HAL_DMA_IRQHandler                       0x08002bed   Thumb Code   570  stm32f4xx_hal_dma.o(i.HAL_DMA_IRQHandler)
    HAL_DMA_Init                             0x08002e2d   Thumb Code   232  stm32f4xx_hal_dma.o(i.HAL_DMA_Init)
    HAL_Delay                                0x08002f19   Thumb Code    36  stm32f4xx_hal.o(i.HAL_Delay)
    HAL_GPIO_Init                            0x08002f41   Thumb Code   454  stm32f4xx_hal_gpio.o(i.HAL_GPIO_Init)
    HAL_GPIO_WritePin                        0x08003135   Thumb Code    12  stm32f4xx_hal_gpio.o(i.HAL_GPIO_WritePin)
    HAL_GetTick                              0x08003141   Thumb Code     6  stm32f4xx_hal.o(i.HAL_GetTick)
    HAL_I2C_Init                             0x0800314d   Thumb Code   446  stm32f4xx_hal_i2c.o(i.HAL_I2C_Init)
    HAL_I2C_Mem_Read                         0x0800331d   Thumb Code   744  stm32f4xx_hal_i2c.o(i.HAL_I2C_Mem_Read)
    HAL_I2C_Mem_Write                        0x08003611   Thumb Code   348  stm32f4xx_hal_i2c.o(i.HAL_I2C_Mem_Write)
    HAL_I2C_MspInit                          0x08003775   Thumb Code   122  i2c.o(i.HAL_I2C_MspInit)
    HAL_IncTick                              0x080037fd   Thumb Code    16  stm32f4xx_hal.o(i.HAL_IncTick)
    HAL_Init                                 0x08003815   Thumb Code    54  stm32f4xx_hal.o(i.HAL_Init)
    HAL_InitTick                             0x08003851   Thumb Code   160  stm32f4xx_hal_timebase_tim.o(i.HAL_InitTick)
    HAL_MspInit                              0x08003905   Thumb Code    78  stm32f4xx_hal_msp.o(i.HAL_MspInit)
    HAL_NVIC_EnableIRQ                       0x08003959   Thumb Code    32  stm32f4xx_hal_cortex.o(i.HAL_NVIC_EnableIRQ)
    HAL_NVIC_SetPriority                     0x08003979   Thumb Code   124  stm32f4xx_hal_cortex.o(i.HAL_NVIC_SetPriority)
    HAL_NVIC_SetPriorityGrouping             0x080039f5   Thumb Code    32  stm32f4xx_hal_cortex.o(i.HAL_NVIC_SetPriorityGrouping)
    HAL_RCC_ClockConfig                      0x08003a1d   Thumb Code   368  stm32f4xx_hal_rcc.o(i.HAL_RCC_ClockConfig)
    HAL_RCC_GetClockConfig                   0x08003ba1   Thumb Code    58  stm32f4xx_hal_rcc.o(i.HAL_RCC_GetClockConfig)
    HAL_RCC_GetHCLKFreq                      0x08003be5   Thumb Code     6  stm32f4xx_hal_rcc.o(i.HAL_RCC_GetHCLKFreq)
    HAL_RCC_GetPCLK1Freq                     0x08003bf1   Thumb Code    22  stm32f4xx_hal_rcc.o(i.HAL_RCC_GetPCLK1Freq)
    HAL_RCC_GetPCLK2Freq                     0x08003c11   Thumb Code    22  stm32f4xx_hal_rcc.o(i.HAL_RCC_GetPCLK2Freq)
    HAL_RCC_GetSysClockFreq                  0x08003c31   Thumb Code   162  stm32f4xx_hal_rcc.o(i.HAL_RCC_GetSysClockFreq)
    HAL_RCC_OscConfig                        0x08003ce1   Thumb Code  1172  stm32f4xx_hal_rcc.o(i.HAL_RCC_OscConfig)
    HAL_TIMEx_BreakCallback                  0x0800417d   Thumb Code     2  stm32f4xx_hal_tim_ex.o(i.HAL_TIMEx_BreakCallback)
    HAL_TIMEx_CommutCallback                 0x0800417f   Thumb Code     2  stm32f4xx_hal_tim_ex.o(i.HAL_TIMEx_CommutCallback)
    HAL_TIM_Base_Init                        0x08004181   Thumb Code   102  stm32f4xx_hal_tim.o(i.HAL_TIM_Base_Init)
    HAL_TIM_Base_MspInit                     0x080041e7   Thumb Code     2  stm32f4xx_hal_tim.o(i.HAL_TIM_Base_MspInit)
    HAL_TIM_Base_Start_IT                    0x080041e9   Thumb Code   138  stm32f4xx_hal_tim.o(i.HAL_TIM_Base_Start_IT)
    HAL_TIM_IC_CaptureCallback               0x08004291   Thumb Code     2  stm32f4xx_hal_tim.o(i.HAL_TIM_IC_CaptureCallback)
    HAL_TIM_IRQHandler                       0x08004293   Thumb Code   406  stm32f4xx_hal_tim.o(i.HAL_TIM_IRQHandler)
    HAL_TIM_OC_DelayElapsedCallback          0x08004429   Thumb Code     2  stm32f4xx_hal_tim.o(i.HAL_TIM_OC_DelayElapsedCallback)
    HAL_TIM_PWM_PulseFinishedCallback        0x0800442b   Thumb Code     2  stm32f4xx_hal_tim.o(i.HAL_TIM_PWM_PulseFinishedCallback)
    HAL_TIM_PeriodElapsedCallback            0x0800442d   Thumb Code    18  main.o(i.HAL_TIM_PeriodElapsedCallback)
    HAL_TIM_TriggerCallback                  0x08004445   Thumb Code     2  stm32f4xx_hal_tim.o(i.HAL_TIM_TriggerCallback)
    HAL_UARTEx_ReceiveToIdle_IT              0x08004447   Thumb Code   130  stm32f4xx_hal_uart.o(i.HAL_UARTEx_ReceiveToIdle_IT)
    HAL_UARTEx_RxEventCallback               0x080044c9   Thumb Code    24  main.o(i.HAL_UARTEx_RxEventCallback)
    HAL_UART_ErrorCallback                   0x080044e9   Thumb Code     2  stm32f4xx_hal_uart.o(i.HAL_UART_ErrorCallback)
    HAL_UART_IRQHandler                      0x080044ed   Thumb Code   732  stm32f4xx_hal_uart.o(i.HAL_UART_IRQHandler)
    HAL_UART_Init                            0x080047cd   Thumb Code   114  stm32f4xx_hal_uart.o(i.HAL_UART_Init)
    HAL_UART_MspInit                         0x08004841   Thumb Code   256  usart.o(i.HAL_UART_MspInit)
    HAL_UART_RxCpltCallback                  0x08004959   Thumb Code     2  stm32f4xx_hal_uart.o(i.HAL_UART_RxCpltCallback)
    HAL_UART_TxCpltCallback                  0x0800495b   Thumb Code     2  stm32f4xx_hal_uart.o(i.HAL_UART_TxCpltCallback)
    HardFault_Handler                        0x0800495d   Thumb Code     4  stm32f4xx_it.o(i.HardFault_Handler)
    MPU6050_DMP_Get_Date                     0x08004e65   Thumb Code   516  mpu6050.o(i.MPU6050_DMP_Get_Date)
    MPU6050_DMP_init                         0x08005079   Thumb Code   170  mpu6050.o(i.MPU6050_DMP_init)
    MX_CAN1_Init                             0x08005129   Thumb Code    56  can.o(i.MX_CAN1_Init)
    MX_CAN2_Init                             0x08005169   Thumb Code    56  can.o(i.MX_CAN2_Init)
    MX_DMA_Init                              0x080051a9   Thumb Code    68  dma.o(i.MX_DMA_Init)
    MX_GPIO_Init                             0x080051f1   Thumb Code   174  gpio.o(i.MX_GPIO_Init)
    MX_I2C1_Init                             0x080052a9   Thumb Code    48  i2c.o(i.MX_I2C1_Init)
    MX_USART6_UART_Init                      0x080052e5   Thumb Code    46  usart.o(i.MX_USART6_UART_Init)
    MemManage_Handler                        0x0800531d   Thumb Code     4  stm32f4xx_it.o(i.MemManage_Handler)
    NMI_Handler                              0x08005321   Thumb Code     4  stm32f4xx_it.o(i.NMI_Handler)
    Pid_Init                                 0x08005325   Thumb Code    22  pid.o(i.Pid_Init)
    SysTick_Handler                          0x0800533d   Thumb Code    46  port.o(i.SysTick_Handler)
    SystemClock_Config                       0x08005371   Thumb Code   166  main.o(i.SystemClock_Config)
    SystemInit                               0x08005421   Thumb Code    14  system_stm32f4xx.o(i.SystemInit)
    TIM8_BRK_TIM12_IRQHandler                0x08005435   Thumb Code    10  stm32f4xx_it.o(i.TIM8_BRK_TIM12_IRQHandler)
    TIM_Base_SetConfig                       0x08005445   Thumb Code   170  stm32f4xx_hal_tim.o(i.TIM_Base_SetConfig)
    UART_Start_Receive_IT                    0x080058e1   Thumb Code    74  stm32f4xx_hal_uart.o(i.UART_Start_Receive_IT)
    USART6_IRQHandler                        0x0800598d   Thumb Code    10  stm32f4xx_it.o(i.USART6_IRQHandler)
    UsageFault_Handler                       0x0800599d   Thumb Code     4  stm32f4xx_it.o(i.UsageFault_Handler)
    __ARM_fpclassify                         0x080059a1   Thumb Code    48  fpclassify.o(i.__ARM_fpclassify)
    __hardfp___mathlib_tofloat               0x08005a09   Thumb Code   232  narrow.o(i.__hardfp___mathlib_tofloat)
    __hardfp_asin                            0x08005b01   Thumb Code   770  asin.o(i.__hardfp_asin)
    __hardfp_atan                            0x08005e61   Thumb Code   622  atan.o(i.__hardfp_atan)
    __hardfp_atan2                           0x08006139   Thumb Code   448  atan2.o(i.__hardfp_atan2)
    __hardfp_atof                            0x08006339   Thumb Code    44  atof.o(i.__hardfp_atof)
    __hardfp_ldexp                           0x08006371   Thumb Code   200  ldexp.o(i.__hardfp_ldexp)
    __kernel_poly                            0x08006441   Thumb Code   248  poly.o(i.__kernel_poly)
    __mathlib_dbl_infnan                     0x08006539   Thumb Code    20  dunder.o(i.__mathlib_dbl_infnan)
    __mathlib_dbl_infnan2                    0x0800654d   Thumb Code    20  dunder.o(i.__mathlib_dbl_infnan2)
    __mathlib_dbl_invalid                    0x08006561   Thumb Code    24  dunder.o(i.__mathlib_dbl_invalid)
    __mathlib_dbl_overflow                   0x08006581   Thumb Code    24  dunder.o(i.__mathlib_dbl_overflow)
    __mathlib_dbl_underflow                  0x080065a1   Thumb Code    24  dunder.o(i.__mathlib_dbl_underflow)
    __mathlib_narrow                         0x080065c1   Thumb Code    18  narrow.o(i.__mathlib_narrow)
    __support_ldexp                          0x080065d3   Thumb Code    20  ldexp.o(i.__support_ldexp)
    _is_digit                                0x080065e7   Thumb Code    14  __printf_wp.o(i._is_digit)
    _sys_exit                                0x080065f5   Thumb Code     4  usart.o(i._sys_exit)
    atan                                     0x080066b9   Thumb Code    16  atan.o(i.atan)
    can1_init                                0x080066c9   Thumb Code    64  my_can.o(i.can1_init)
    dmp_enable_6x_lp_quat                    0x08006771   Thumb Code    60  inv_mpu_dmp_motion_driver.o(i.dmp_enable_6x_lp_quat)
    dmp_enable_feature                       0x080067ad   Thumb Code   530  inv_mpu_dmp_motion_driver.o(i.dmp_enable_feature)
    dmp_enable_gyro_cal                      0x080069c9   Thumb Code    62  inv_mpu_dmp_motion_driver.o(i.dmp_enable_gyro_cal)
    dmp_enable_lp_quat                       0x08006a21   Thumb Code    60  inv_mpu_dmp_motion_driver.o(i.dmp_enable_lp_quat)
    dmp_load_motion_driver_firmware          0x08006a5d   Thumb Code    20  inv_mpu_dmp_motion_driver.o(i.dmp_load_motion_driver_firmware)
    dmp_read_fifo                            0x08006a75   Thumb Code   462  inv_mpu_dmp_motion_driver.o(i.dmp_read_fifo)
    dmp_set_accel_bias                       0x08006c49   Thumb Code   302  inv_mpu_dmp_motion_driver.o(i.dmp_set_accel_bias)
    dmp_set_fifo_rate                        0x08006d7d   Thumb Code    96  inv_mpu_dmp_motion_driver.o(i.dmp_set_fifo_rate)
    dmp_set_gyro_bias                        0x08006ded   Thumb Code   294  inv_mpu_dmp_motion_driver.o(i.dmp_set_gyro_bias)
    dmp_set_orientation                      0x08006f1d   Thumb Code   290  inv_mpu_dmp_motion_driver.o(i.dmp_set_orientation)
    dmp_set_shake_reject_thresh              0x08007055   Thumb Code    56  inv_mpu_dmp_motion_driver.o(i.dmp_set_shake_reject_thresh)
    dmp_set_shake_reject_time                0x0800708d   Thumb Code    38  inv_mpu_dmp_motion_driver.o(i.dmp_set_shake_reject_time)
    dmp_set_shake_reject_timeout             0x080070b3   Thumb Code    38  inv_mpu_dmp_motion_driver.o(i.dmp_set_shake_reject_timeout)
    dmp_set_tap_axes                         0x080070d9   Thumb Code    70  inv_mpu_dmp_motion_driver.o(i.dmp_set_tap_axes)
    dmp_set_tap_count                        0x0800711f   Thumb Code    38  inv_mpu_dmp_motion_driver.o(i.dmp_set_tap_count)
    dmp_set_tap_thresh                       0x08007145   Thumb Code   412  inv_mpu_dmp_motion_driver.o(i.dmp_set_tap_thresh)
    dmp_set_tap_time                         0x08007305   Thumb Code    38  inv_mpu_dmp_motion_driver.o(i.dmp_set_tap_time)
    dmp_set_tap_time_multi                   0x0800732b   Thumb Code    38  inv_mpu_dmp_motion_driver.o(i.dmp_set_tap_time_multi)
    fabs                                     0x08007351   Thumb Code    24  fabs.o(i.fabs)
    fputc                                    0x08007369   Thumb Code    24  usart.o(i.fputc)
    frexp                                    0x08007389   Thumb Code   118  frexp.o(i.frexp)
    get_PIDdata                              0x08007415   Thumb Code   394  pid.o(i.get_PIDdata)
    main                                     0x08007e81   Thumb Code   194  main.o(i.main)
    mpu_configure_fifo                       0x08007f61   Thumb Code   106  inv_mpu.o(i.mpu_configure_fifo)
    mpu_get_accel_fsr                        0x08007fd1   Thumb Code    72  inv_mpu.o(i.mpu_get_accel_fsr)
    mpu_get_accel_sens                       0x0800801d   Thumb Code    78  inv_mpu.o(i.mpu_get_accel_sens)
    mpu_get_fifo_config                      0x08008071   Thumb Code    12  inv_mpu.o(i.mpu_get_fifo_config)
    mpu_get_gyro_fsr                         0x08008081   Thumb Code    64  inv_mpu.o(i.mpu_get_gyro_fsr)
    mpu_get_gyro_sens                        0x080080c5   Thumb Code    74  inv_mpu.o(i.mpu_get_gyro_sens)
    mpu_get_lpf                              0x08008125   Thumb Code    74  inv_mpu.o(i.mpu_get_lpf)
    mpu_get_sample_rate                      0x08008175   Thumb Code    26  inv_mpu.o(i.mpu_get_sample_rate)
    mpu_init                                 0x08008195   Thumb Code   468  inv_mpu.o(i.mpu_init)
    mpu_load_firmware                        0x08008371   Thumb Code   194  inv_mpu.o(i.mpu_load_firmware)
    mpu_lp_accel_mode                        0x0800843d   Thumb Code   248  inv_mpu.o(i.mpu_lp_accel_mode)
    mpu_read_fifo_stream                     0x0800853d   Thumb Code   230  inv_mpu.o(i.mpu_read_fifo_stream)
    mpu_read_mem                             0x0800862d   Thumb Code   148  inv_mpu.o(i.mpu_read_mem)
    mpu_reset_fifo                           0x080086c9   Thumb Code   608  inv_mpu.o(i.mpu_reset_fifo)
    mpu_run_self_test                        0x08008931   Thumb Code   278  inv_mpu.o(i.mpu_run_self_test)
    mpu_set_accel_fsr                        0x08008a4d   Thumb Code   142  inv_mpu.o(i.mpu_set_accel_fsr)
    mpu_set_bypass                           0x08008ae5   Thumb Code   414  inv_mpu.o(i.mpu_set_bypass)
    mpu_set_dmp_state                        0x08008c8d   Thumb Code   168  inv_mpu.o(i.mpu_set_dmp_state)
    mpu_set_gyro_fsr                         0x08008d3d   Thumb Code   148  inv_mpu.o(i.mpu_set_gyro_fsr)
    mpu_set_int_latched                      0x08008dd9   Thumb Code   118  inv_mpu.o(i.mpu_set_int_latched)
    mpu_set_lpf                              0x08008e59   Thumb Code   142  inv_mpu.o(i.mpu_set_lpf)
    mpu_set_sample_rate                      0x08008ef1   Thumb Code   168  inv_mpu.o(i.mpu_set_sample_rate)
    mpu_set_sensors                          0x08008fa1   Thumb Code   232  inv_mpu.o(i.mpu_set_sensors)
    mpu_write_mem                            0x08009091   Thumb Code   148  inv_mpu.o(i.mpu_write_mem)
    sqrt                                     0x080092b1   Thumb Code   110  sqrt.o(i.sqrt)
    uxListRemove                             0x0800931f   Thumb Code    40  list.o(i.uxListRemove)
    vListInsertEnd                           0x08009347   Thumb Code    24  list.o(i.vListInsertEnd)
    vTaskSwitchContext                       0x08009361   Thumb Code   118  tasks.o(i.vTaskSwitchContext)
    xTaskIncrementTick                       0x080093ed   Thumb Code   282  tasks.o(i.xTaskIncrementTick)
    _get_lc_numeric                          0x08009535   Thumb Code    44  lc_numeric_c.o(locale$$code)
    _get_lc_ctype                            0x08009561   Thumb Code    44  lc_ctype_c.o(locale$$code)
    __aeabi_dneg                             0x0800958d   Thumb Code     0  basic.o(x$fpl$basic)
    _dneg                                    0x0800958d   Thumb Code     6  basic.o(x$fpl$basic)
    __aeabi_fneg                             0x08009593   Thumb Code     0  basic.o(x$fpl$basic)
    _fneg                                    0x08009593   Thumb Code     6  basic.o(x$fpl$basic)
    _dabs                                    0x08009599   Thumb Code     6  basic.o(x$fpl$basic)
    _fabs                                    0x0800959f   Thumb Code     6  basic.o(x$fpl$basic)
    __aeabi_d2f                              0x080095a5   Thumb Code     0  d2f.o(x$fpl$d2f)
    _d2f                                     0x080095a5   Thumb Code    98  d2f.o(x$fpl$d2f)
    __aeabi_dadd                             0x08009609   Thumb Code     0  daddsub_clz.o(x$fpl$dadd)
    _dadd                                    0x08009609   Thumb Code   332  daddsub_clz.o(x$fpl$dadd)
    __fpl_dcheck_NaN1                        0x08009759   Thumb Code    10  dcheck1.o(x$fpl$dcheck1)
    __fpl_dcmp_Inf                           0x08009769   Thumb Code    24  dcmpi.o(x$fpl$dcmpinf)
    __aeabi_ddiv                             0x08009781   Thumb Code     0  ddiv.o(x$fpl$ddiv)
    _ddiv                                    0x08009781   Thumb Code   552  ddiv.o(x$fpl$ddiv)
    __aeabi_cdcmpeq                          0x08009a31   Thumb Code     0  deqf.o(x$fpl$deqf)
    _dcmpeq                                  0x08009a31   Thumb Code   120  deqf.o(x$fpl$deqf)
    __aeabi_cdcmple                          0x08009aa9   Thumb Code     0  dleqf.o(x$fpl$dleqf)
    _dcmple                                  0x08009aa9   Thumb Code   120  dleqf.o(x$fpl$dleqf)
    __fpl_dcmple_InfNaN                      0x08009b0b   Thumb Code     0  dleqf.o(x$fpl$dleqf)
    __aeabi_dmul                             0x08009b21   Thumb Code     0  dmul.o(x$fpl$dmul)
    _dmul                                    0x08009b21   Thumb Code   332  dmul.o(x$fpl$dmul)
    __fpl_dnaninf                            0x08009c75   Thumb Code   156  dnaninf.o(x$fpl$dnaninf)
    __fpl_dretinf                            0x08009d11   Thumb Code    12  dretinf.o(x$fpl$dretinf)
    __aeabi_cdrcmple                         0x08009d1d   Thumb Code     0  drleqf.o(x$fpl$drleqf)
    _drcmple                                 0x08009d1d   Thumb Code   108  drleqf.o(x$fpl$drleqf)
    __aeabi_drsub                            0x08009d89   Thumb Code     0  daddsub_clz.o(x$fpl$drsb)
    _drsb                                    0x08009d89   Thumb Code    22  daddsub_clz.o(x$fpl$drsb)
    _dsqrt                                   0x08009da1   Thumb Code   404  dsqrt_umaal.o(x$fpl$dsqrt)
    __aeabi_dsub                             0x08009f39   Thumb Code     0  daddsub_clz.o(x$fpl$dsub)
    _dsub                                    0x08009f39   Thumb Code   464  daddsub_clz.o(x$fpl$dsub)
    __aeabi_f2d                              0x0800a10d   Thumb Code     0  f2d.o(x$fpl$f2d)
    _f2d                                     0x0800a10d   Thumb Code    86  f2d.o(x$fpl$f2d)
    __fpl_fnaninf                            0x0800a163   Thumb Code   140  fnaninf.o(x$fpl$fnaninf)
    _fp_init                                 0x0800a1ef   Thumb Code    10  fpinit.o(x$fpl$fpinit)
    __fplib_config_fpu_vfp                   0x0800a1f7   Thumb Code     0  fpinit.o(x$fpl$fpinit)
    __fplib_config_pureend_doubles           0x0800a1f7   Thumb Code     0  fpinit.o(x$fpl$fpinit)
    __fpl_fretinf                            0x0800a1f9   Thumb Code    10  fretinf.o(x$fpl$fretinf)
    __ieee_status                            0x0800a203   Thumb Code     6  istatus.o(x$fpl$ieeestatus)
    _printf_fp_dec                           0x0800a209   Thumb Code     4  printf1.o(x$fpl$printf1)
    __fpl_return_NaN                         0x0800a20d   Thumb Code   100  retnan.o(x$fpl$retnan)
    __ARM_scalbn                             0x0800a271   Thumb Code    92  scalbn.o(x$fpl$scalbn)
    _scanf_real                              0x0800a2cd   Thumb Code     4  scanf1.o(x$fpl$scanf1)
    _scanf_hex_real                          0x0800a2d1   Thumb Code     4  scanf2.o(x$fpl$scanf2)
    _scanf_infnan                            0x0800a2d5   Thumb Code     4  scanf2.o(x$fpl$scanf2)
    __fpl_cmpreturn                          0x0800a2d9   Thumb Code    48  trapv.o(x$fpl$trapveneer)
    __I$use$fp                               0x0800a308   Number         0  usenofp.o(x$fpl$usenofp)
    reg                                      0x0800a308   Data          30  inv_mpu.o(.constdata)
    hw                                       0x0800a326   Data          12  inv_mpu.o(.constdata)
    test                                     0x0800a334   Data          40  inv_mpu.o(.constdata)
    AHBPrescTable                            0x0800af5a   Data          16  system_stm32f4xx.o(.constdata)
    APBPrescTable                            0x0800af6a   Data           8  system_stm32f4xx.o(.constdata)
    __mathlib_zero                           0x0800b060   Data           8  qnan.o(.constdata)
    Region$$Table$$Base                      0x0800b0fc   Number         0  anon$$obj.o(Region$$Table)
    Region$$Table$$Limit                     0x0800b11c   Number         0  anon$$obj.o(Region$$Table)
    __aeabi_HUGE_VAL                         0x0800b11c   Data           0  fpconst.o(c$$dinf)
    __aeabi_HUGE_VALL                        0x0800b11c   Data           0  fpconst.o(c$$dinf)
    __aeabi_INFINITY                         0x0800b11c   Data           0  fpconst.o(c$$dinf)
    __dInf                                   0x0800b11c   Data           0  fpconst.o(c$$dinf)
    __huge_val                               0x0800b11c   Data           0  fpconst.o(c$$dinf)
    __dbl_max                                0x0800b124   Data           0  fpconst.o(c$$dmax)
    __ctype                                  0x0800b155   Data           0  lc_ctype_c.o(locale$$data)
    __stdout                                 0x20000004   Data           4  usart.o(.data)
    uwTick                                   0x20000040   Data           4  stm32f4xx_hal.o(.data)
    uwTickPrio                               0x20000044   Data           4  stm32f4xx_hal.o(.data)
    uwTickFreq                               0x20000048   Data           1  stm32f4xx_hal.o(.data)
    SystemCoreClock                          0x2000004c   Data           4  system_stm32f4xx.o(.data)
    pxCurrentTCB                             0x20000050   Data           4  tasks.o(.data)
    motor_yaw_info                           0x2000008c   Data          12  my_can.o(.bss)
    TxMessage                                0x20000098   Data          24  main.o(.bss)
    mypid                                    0x200000b0   Data          76  main.o(.bss)
    data                                     0x200000fc   Data        1000  main.o(.bss)
    hcan1                                    0x200004e4   Data          40  can.o(.bss)
    hcan2                                    0x2000050c   Data          40  can.o(.bss)
    hi2c1                                    0x20000534   Data          84  i2c.o(.bss)
    huart6                                   0x20000588   Data          68  usart.o(.bss)
    hdma_usart6_rx                           0x200005cc   Data          96  usart.o(.bss)
    hdma_usart6_tx                           0x2000062c   Data          96  usart.o(.bss)
    htim12                                   0x2000068c   Data          72  stm32f4xx_hal_timebase_tim.o(.bss)
    __libspace_start                         0x200007d4   Data          96  libspace.o(.bss)
    __temporary_stack_top$libspace           0x20000834   Data           0  libspace.o(.bss)



==============================================================================

Memory Map of the image

  Image Entry point : 0x08000189

  Load Region LR_IROM1 (Base: 0x08000000, Size: 0x0000b2e4, Max: 0x00100000, ABSOLUTE)

    Execution Region ER_IROM1 (Exec base: 0x08000000, Load base: 0x08000000, Size: 0x0000b258, Max: 0x00100000, ABSOLUTE)

    Exec Addr    Load Addr    Size         Type   Attr      Idx    E Section Name        Object

    0x08000000   0x08000000   0x00000188   Data   RO            3    RESET               startup_stm32f405xx.o
    0x08000188   0x08000188   0x00000008   Code   RO         6008  * !!!main             c_w.l(__main.o)
    0x08000190   0x08000190   0x00000034   Code   RO         6426    !!!scatter          c_w.l(__scatter.o)
    0x080001c4   0x080001c4   0x0000001a   Code   RO         6428    !!handler_copy      c_w.l(__scatter_copy.o)
    0x080001de   0x080001de   0x00000002   PAD
    0x080001e0   0x080001e0   0x0000001c   Code   RO         6430    !!handler_zi        c_w.l(__scatter_zi.o)
    0x080001fc   0x080001fc   0x00000000   Code   RO         5991    .ARM.Collect$$_printf_percent$$00000000  c_w.l(_printf_percent.o)
    0x080001fc   0x080001fc   0x00000006   Code   RO         5990    .ARM.Collect$$_printf_percent$$00000003  c_w.l(_printf_f.o)
    0x08000202   0x08000202   0x00000004   Code   RO         6063    .ARM.Collect$$_printf_percent$$00000017  c_w.l(_printf_percent_end.o)
    0x08000206   0x08000206   0x00000002   Code   RO         6245    .ARM.Collect$$libinit$$00000000  c_w.l(libinit.o)
    0x08000208   0x08000208   0x00000004   Code   RO         6246    .ARM.Collect$$libinit$$00000001  c_w.l(libinit2.o)
    0x0800020c   0x0800020c   0x00000000   Code   RO         6249    .ARM.Collect$$libinit$$00000004  c_w.l(libinit2.o)
    0x0800020c   0x0800020c   0x00000000   Code   RO         6252    .ARM.Collect$$libinit$$0000000A  c_w.l(libinit2.o)
    0x0800020c   0x0800020c   0x00000000   Code   RO         6254    .ARM.Collect$$libinit$$0000000C  c_w.l(libinit2.o)
    0x0800020c   0x0800020c   0x00000000   Code   RO         6256    .ARM.Collect$$libinit$$0000000E  c_w.l(libinit2.o)
    0x0800020c   0x0800020c   0x00000006   Code   RO         6257    .ARM.Collect$$libinit$$0000000F  c_w.l(libinit2.o)
    0x08000212   0x08000212   0x00000000   Code   RO         6259    .ARM.Collect$$libinit$$00000011  c_w.l(libinit2.o)
    0x08000212   0x08000212   0x0000000c   Code   RO         6260    .ARM.Collect$$libinit$$00000012  c_w.l(libinit2.o)
    0x0800021e   0x0800021e   0x00000000   Code   RO         6261    .ARM.Collect$$libinit$$00000013  c_w.l(libinit2.o)
    0x0800021e   0x0800021e   0x00000000   Code   RO         6263    .ARM.Collect$$libinit$$00000015  c_w.l(libinit2.o)
    0x0800021e   0x0800021e   0x0000000a   Code   RO         6264    .ARM.Collect$$libinit$$00000016  c_w.l(libinit2.o)
    0x08000228   0x08000228   0x00000000   Code   RO         6265    .ARM.Collect$$libinit$$00000017  c_w.l(libinit2.o)
    0x08000228   0x08000228   0x00000000   Code   RO         6267    .ARM.Collect$$libinit$$00000019  c_w.l(libinit2.o)
    0x08000228   0x08000228   0x00000000   Code   RO         6269    .ARM.Collect$$libinit$$0000001B  c_w.l(libinit2.o)
    0x08000228   0x08000228   0x00000000   Code   RO         6271    .ARM.Collect$$libinit$$0000001D  c_w.l(libinit2.o)
    0x08000228   0x08000228   0x00000000   Code   RO         6273    .ARM.Collect$$libinit$$0000001F  c_w.l(libinit2.o)
    0x08000228   0x08000228   0x00000000   Code   RO         6275    .ARM.Collect$$libinit$$00000021  c_w.l(libinit2.o)
    0x08000228   0x08000228   0x00000000   Code   RO         6277    .ARM.Collect$$libinit$$00000023  c_w.l(libinit2.o)
    0x08000228   0x08000228   0x00000000   Code   RO         6279    .ARM.Collect$$libinit$$00000025  c_w.l(libinit2.o)
    0x08000228   0x08000228   0x00000000   Code   RO         6283    .ARM.Collect$$libinit$$0000002C  c_w.l(libinit2.o)
    0x08000228   0x08000228   0x00000000   Code   RO         6285    .ARM.Collect$$libinit$$0000002E  c_w.l(libinit2.o)
    0x08000228   0x08000228   0x00000000   Code   RO         6287    .ARM.Collect$$libinit$$00000030  c_w.l(libinit2.o)
    0x08000228   0x08000228   0x00000000   Code   RO         6289    .ARM.Collect$$libinit$$00000032  c_w.l(libinit2.o)
    0x08000228   0x08000228   0x00000002   Code   RO         6290    .ARM.Collect$$libinit$$00000033  c_w.l(libinit2.o)
    0x0800022a   0x0800022a   0x00000002   Code   RO         6365    .ARM.Collect$$libshutdown$$00000000  c_w.l(libshutdown.o)
    0x0800022c   0x0800022c   0x00000000   Code   RO         6399    .ARM.Collect$$libshutdown$$00000002  c_w.l(libshutdown2.o)
    0x0800022c   0x0800022c   0x00000000   Code   RO         6401    .ARM.Collect$$libshutdown$$00000004  c_w.l(libshutdown2.o)
    0x0800022c   0x0800022c   0x00000000   Code   RO         6403    .ARM.Collect$$libshutdown$$00000006  c_w.l(libshutdown2.o)
    0x0800022c   0x0800022c   0x00000000   Code   RO         6406    .ARM.Collect$$libshutdown$$00000009  c_w.l(libshutdown2.o)
    0x0800022c   0x0800022c   0x00000000   Code   RO         6409    .ARM.Collect$$libshutdown$$0000000C  c_w.l(libshutdown2.o)
    0x0800022c   0x0800022c   0x00000000   Code   RO         6411    .ARM.Collect$$libshutdown$$0000000E  c_w.l(libshutdown2.o)
    0x0800022c   0x0800022c   0x00000000   Code   RO         6414    .ARM.Collect$$libshutdown$$00000011  c_w.l(libshutdown2.o)
    0x0800022c   0x0800022c   0x00000002   Code   RO         6415    .ARM.Collect$$libshutdown$$00000012  c_w.l(libshutdown2.o)
    0x0800022e   0x0800022e   0x00000000   Code   RO         6052    .ARM.Collect$$rtentry$$00000000  c_w.l(__rtentry.o)
    0x0800022e   0x0800022e   0x00000000   Code   RO         6143    .ARM.Collect$$rtentry$$00000002  c_w.l(__rtentry2.o)
    0x0800022e   0x0800022e   0x00000006   Code   RO         6155    .ARM.Collect$$rtentry$$00000004  c_w.l(__rtentry4.o)
    0x08000234   0x08000234   0x00000000   Code   RO         6145    .ARM.Collect$$rtentry$$00000009  c_w.l(__rtentry2.o)
    0x08000234   0x08000234   0x00000004   Code   RO         6146    .ARM.Collect$$rtentry$$0000000A  c_w.l(__rtentry2.o)
    0x08000238   0x08000238   0x00000000   Code   RO         6148    .ARM.Collect$$rtentry$$0000000C  c_w.l(__rtentry2.o)
    0x08000238   0x08000238   0x00000008   Code   RO         6149    .ARM.Collect$$rtentry$$0000000D  c_w.l(__rtentry2.o)
    0x08000240   0x08000240   0x00000002   Code   RO         6291    .ARM.Collect$$rtexit$$00000000  c_w.l(rtexit.o)
    0x08000242   0x08000242   0x00000000   Code   RO         6325    .ARM.Collect$$rtexit$$00000002  c_w.l(rtexit2.o)
    0x08000242   0x08000242   0x00000004   Code   RO         6326    .ARM.Collect$$rtexit$$00000003  c_w.l(rtexit2.o)
    0x08000246   0x08000246   0x00000006   Code   RO         6327    .ARM.Collect$$rtexit$$00000004  c_w.l(rtexit2.o)
    0x0800024c   0x0800024c   0x000000be   Code   RO         5879    .emb_text           port.o
    0x0800030a   0x0800030a   0x00000002   PAD
    0x0800030c   0x0800030c   0x00000040   Code   RO            4    .text               startup_stm32f405xx.o
    0x0800034c   0x0800034c   0x00000002   Code   RO         5958    .text               c_w.l(use_no_semi_2.o)
    0x0800034e   0x0800034e   0x000000ee   Code   RO         5960    .text               c_w.l(lludivv7m.o)
    0x0800043c   0x0800043c   0x00000048   Code   RO         5962    .text               c_w.l(llsdiv.o)
    0x08000484   0x08000484   0x00000018   Code   RO         5966    .text               c_w.l(noretval__2printf.o)
    0x0800049c   0x0800049c   0x00000068   Code   RO         5968    .text               c_w.l(__printf.o)
    0x08000504   0x08000504   0x00000058   Code   RO         5992    .text               c_w.l(memcmp.o)
    0x0800055c   0x0800055c   0x00000010   Code   RO         6000    .text               c_w.l(aeabi_memset.o)
    0x0800056c   0x0800056c   0x0000004e   Code   RO         6002    .text               c_w.l(rt_memclr_w.o)
    0x080005ba   0x080005ba   0x00000056   Code   RO         6004    .text               c_w.l(strncpy.o)
    0x08000610   0x08000610   0x00000006   Code   RO         6006    .text               c_w.l(heapauxi.o)
    0x08000616   0x08000616   0x00000002   Code   RO         6050    .text               c_w.l(use_no_semi.o)
    0x08000618   0x08000618   0x00000016   Code   RO         6057    .text               c_w.l(_rserrno.o)
    0x0800062e   0x0800062e   0x0000041e   Code   RO         6059    .text               c_w.l(_printf_fp_dec.o)
    0x08000a4c   0x08000a4c   0x00000024   Code   RO         6061    .text               c_w.l(_printf_char_file.o)
    0x08000a70   0x08000a70   0x000000a4   Code   RO         6064    .text               c_w.l(strtod.o)
    0x08000b14   0x08000b14   0x00000044   Code   RO         6066    .text               c_w.l(rt_memclr.o)
    0x08000b58   0x08000b58   0x00000008   Code   RO         6162    .text               c_w.l(rt_locale_intlibspace.o)
    0x08000b60   0x08000b60   0x00000008   Code   RO         6167    .text               c_w.l(rt_errno_addr_intlibspace.o)
    0x08000b68   0x08000b68   0x0000008a   Code   RO         6169    .text               c_w.l(lludiv10.o)
    0x08000bf2   0x08000bf2   0x00000012   Code   RO         6171    .text               c_w.l(isspace.o)
    0x08000c04   0x08000c04   0x00000030   Code   RO         6173    .text               c_w.l(_printf_char_common.o)
    0x08000c34   0x08000c34   0x00000080   Code   RO         6175    .text               c_w.l(_printf_fp_infnan.o)
    0x08000cb4   0x08000cb4   0x00000040   Code   RO         6177    .text               c_w.l(_sgetc.o)
    0x08000cf4   0x08000cf4   0x000000e4   Code   RO         6179    .text               c_w.l(bigflt0.o)
    0x08000dd8   0x08000dd8   0x00000008   Code   RO         6204    .text               c_w.l(ferror.o)
    0x08000de0   0x08000de0   0x00000008   Code   RO         6221    .text               c_w.l(libspace.o)
    0x08000de8   0x08000de8   0x0000004a   Code   RO         6224    .text               c_w.l(sys_stackheap_outer.o)
    0x08000e32   0x08000e32   0x00000002   PAD
    0x08000e34   0x08000e34   0x00000010   Code   RO         6226    .text               c_w.l(rt_ctype_table.o)
    0x08000e44   0x08000e44   0x000004f8   Code   RO         6230    .text               c_w.l(scanf_fp.o)
    0x0800133c   0x0800133c   0x00000012   Code   RO         6232    .text               c_w.l(exit.o)
    0x0800134e   0x0800134e   0x00000002   PAD
    0x08001350   0x08001350   0x00000080   Code   RO         6238    .text               c_w.l(strcmpv7m.o)
    0x080013d0   0x080013d0   0x00000320   Code   RO         6331    .text               c_w.l(scanf_hexfp.o)
    0x080016f0   0x080016f0   0x00000134   Code   RO         6333    .text               c_w.l(scanf_infnan.o)
    0x08001824   0x08001824   0x00000026   Code   RO         6353    .text               c_w.l(llshl.o)
    0x0800184a   0x0800184a   0x0000001c   Code   RO         6355    .text               c_w.l(_chval.o)
    0x08001866   0x08001866   0x0000003e   Code   RO         6182    CL$$btod_d2e        c_w.l(btod.o)
    0x080018a4   0x080018a4   0x00000046   Code   RO         6184    CL$$btod_d2e_denorm_low  c_w.l(btod.o)
    0x080018ea   0x080018ea   0x00000060   Code   RO         6183    CL$$btod_d2e_norm_op1  c_w.l(btod.o)
    0x0800194a   0x0800194a   0x00000338   Code   RO         6192    CL$$btod_div_common  c_w.l(btod.o)
    0x08001c82   0x08001c82   0x00000002   PAD
    0x08001c84   0x08001c84   0x00000084   Code   RO         6190    CL$$btod_e2d        c_w.l(btod.o)
    0x08001d08   0x08001d08   0x000000dc   Code   RO         6189    CL$$btod_e2e        c_w.l(btod.o)
    0x08001de4   0x08001de4   0x0000002a   Code   RO         6186    CL$$btod_ediv       c_w.l(btod.o)
    0x08001e0e   0x08001e0e   0x0000002a   Code   RO         6188    CL$$btod_edivd      c_w.l(btod.o)
    0x08001e38   0x08001e38   0x0000002a   Code   RO         6185    CL$$btod_emul       c_w.l(btod.o)
    0x08001e62   0x08001e62   0x0000002a   Code   RO         6187    CL$$btod_emuld      c_w.l(btod.o)
    0x08001e8c   0x08001e8c   0x00000244   Code   RO         6191    CL$$btod_mult_common  c_w.l(btod.o)
    0x080020d0   0x080020d0   0x00000004   Code   RO          625    i.BusFault_Handler  stm32f4xx_it.o
    0x080020d4   0x080020d4   0x00000010   Code   RO          626    i.CAN1_RX0_IRQHandler  stm32f4xx_it.o
    0x080020e4   0x080020e4   0x00000010   Code   RO          627    i.CAN1_TX_IRQHandler  stm32f4xx_it.o
    0x080020f4   0x080020f4   0x00000010   Code   RO          628    i.CAN2_RX0_IRQHandler  stm32f4xx_it.o
    0x08002104   0x08002104   0x00000010   Code   RO          629    i.CAN2_TX_IRQHandler  stm32f4xx_it.o
    0x08002114   0x08002114   0x00000010   Code   RO          630    i.DMA2_Stream1_IRQHandler  stm32f4xx_it.o
    0x08002124   0x08002124   0x00000010   Code   RO          631    i.DMA2_Stream6_IRQHandler  stm32f4xx_it.o
    0x08002134   0x08002134   0x00000034   Code   RO         2085    i.DMA_CalcBaseAndBitshift  stm32f4xx_hal_dma.o
    0x08002168   0x08002168   0x000000aa   Code   RO         2086    i.DMA_CheckFifoParam  stm32f4xx_hal_dma.o
    0x08002212   0x08002212   0x00000002   Code   RO          632    i.DebugMon_Handler  stm32f4xx_it.o
    0x08002214   0x08002214   0x00000006   Code   RO          286    i.Error_Handler     main.o
    0x0800221a   0x0800221a   0x0000002a   Code   RO         1348    i.HAL_CAN_ActivateNotification  stm32f4xx_hal_can.o
    0x08002244   0x08002244   0x00000124   Code   RO         1350    i.HAL_CAN_ConfigFilter  stm32f4xx_hal_can.o
    0x08002368   0x08002368   0x00000002   Code   RO         1353    i.HAL_CAN_ErrorCallback  stm32f4xx_hal_can.o
    0x0800236a   0x0800236a   0x0000017a   Code   RO         1356    i.HAL_CAN_GetRxMessage  stm32f4xx_hal_can.o
    0x080024e4   0x080024e4   0x0000024e   Code   RO         1360    i.HAL_CAN_IRQHandler  stm32f4xx_hal_can.o
    0x08002732   0x08002732   0x00000174   Code   RO         1361    i.HAL_CAN_Init      stm32f4xx_hal_can.o
    0x080028a6   0x080028a6   0x00000002   PAD
    0x080028a8   0x080028a8   0x00000184   Code   RO          440    i.HAL_CAN_MspInit   can.o
    0x08002a2c   0x08002a2c   0x00000002   Code   RO         1368    i.HAL_CAN_RxFifo0FullCallback  stm32f4xx_hal_can.o
    0x08002a2e   0x08002a2e   0x00000002   PAD
    0x08002a30   0x08002a30   0x00000074   Code   RO          287    i.HAL_CAN_RxFifo0MsgPendingCallback  main.o
    0x08002aa4   0x08002aa4   0x00000002   Code   RO         1370    i.HAL_CAN_RxFifo1FullCallback  stm32f4xx_hal_can.o
    0x08002aa6   0x08002aa6   0x00000002   Code   RO         1371    i.HAL_CAN_RxFifo1MsgPendingCallback  stm32f4xx_hal_can.o
    0x08002aa8   0x08002aa8   0x00000002   Code   RO         1372    i.HAL_CAN_SleepCallback  stm32f4xx_hal_can.o
    0x08002aaa   0x08002aaa   0x0000005e   Code   RO         1373    i.HAL_CAN_Start     stm32f4xx_hal_can.o
    0x08002b08   0x08002b08   0x00000002   Code   RO         1375    i.HAL_CAN_TxMailbox0AbortCallback  stm32f4xx_hal_can.o
    0x08002b0a   0x08002b0a   0x00000002   Code   RO         1376    i.HAL_CAN_TxMailbox0CompleteCallback  stm32f4xx_hal_can.o
    0x08002b0c   0x08002b0c   0x00000002   Code   RO         1377    i.HAL_CAN_TxMailbox1AbortCallback  stm32f4xx_hal_can.o
    0x08002b0e   0x08002b0e   0x00000002   Code   RO         1378    i.HAL_CAN_TxMailbox1CompleteCallback  stm32f4xx_hal_can.o
    0x08002b10   0x08002b10   0x00000002   Code   RO         1379    i.HAL_CAN_TxMailbox2AbortCallback  stm32f4xx_hal_can.o
    0x08002b12   0x08002b12   0x00000002   Code   RO         1380    i.HAL_CAN_TxMailbox2CompleteCallback  stm32f4xx_hal_can.o
    0x08002b14   0x08002b14   0x00000002   Code   RO         1382    i.HAL_CAN_WakeUpFromRxMsgCallback  stm32f4xx_hal_can.o
    0x08002b16   0x08002b16   0x000000ac   Code   RO         2088    i.HAL_DMA_Abort     stm32f4xx_hal_dma.o
    0x08002bc2   0x08002bc2   0x00000028   Code   RO         2089    i.HAL_DMA_Abort_IT  stm32f4xx_hal_dma.o
    0x08002bea   0x08002bea   0x00000002   PAD
    0x08002bec   0x08002bec   0x00000240   Code   RO         2093    i.HAL_DMA_IRQHandler  stm32f4xx_hal_dma.o
    0x08002e2c   0x08002e2c   0x000000ec   Code   RO         2094    i.HAL_DMA_Init      stm32f4xx_hal_dma.o
    0x08002f18   0x08002f18   0x00000028   Code   RO         2512    i.HAL_Delay         stm32f4xx_hal.o
    0x08002f40   0x08002f40   0x000001f4   Code   RO         1981    i.HAL_GPIO_Init     stm32f4xx_hal_gpio.o
    0x08003134   0x08003134   0x0000000c   Code   RO         1985    i.HAL_GPIO_WritePin  stm32f4xx_hal_gpio.o
    0x08003140   0x08003140   0x0000000c   Code   RO         2518    i.HAL_GetTick       stm32f4xx_hal.o
    0x0800314c   0x0800314c   0x000001d0   Code   RO         2774    i.HAL_I2C_Init      stm32f4xx_hal_i2c.o
    0x0800331c   0x0800331c   0x000002f4   Code   RO         2792    i.HAL_I2C_Mem_Read  stm32f4xx_hal_i2c.o
    0x08003610   0x08003610   0x00000164   Code   RO         2795    i.HAL_I2C_Mem_Write  stm32f4xx_hal_i2c.o
    0x08003774   0x08003774   0x00000088   Code   RO          513    i.HAL_I2C_MspInit   i2c.o
    0x080037fc   0x080037fc   0x00000018   Code   RO         2524    i.HAL_IncTick       stm32f4xx_hal.o
    0x08003814   0x08003814   0x0000003c   Code   RO         2525    i.HAL_Init          stm32f4xx_hal.o
    0x08003850   0x08003850   0x000000b4   Code   RO          755    i.HAL_InitTick      stm32f4xx_hal_timebase_tim.o
    0x08003904   0x08003904   0x00000054   Code   RO          731    i.HAL_MspInit       stm32f4xx_hal_msp.o
    0x08003958   0x08003958   0x00000020   Code   RO         2370    i.HAL_NVIC_EnableIRQ  stm32f4xx_hal_cortex.o
    0x08003978   0x08003978   0x0000007c   Code   RO         2376    i.HAL_NVIC_SetPriority  stm32f4xx_hal_cortex.o
    0x080039f4   0x080039f4   0x00000028   Code   RO         2377    i.HAL_NVIC_SetPriorityGrouping  stm32f4xx_hal_cortex.o
    0x08003a1c   0x08003a1c   0x00000184   Code   RO         1582    i.HAL_RCC_ClockConfig  stm32f4xx_hal_rcc.o
    0x08003ba0   0x08003ba0   0x00000044   Code   RO         1586    i.HAL_RCC_GetClockConfig  stm32f4xx_hal_rcc.o
    0x08003be4   0x08003be4   0x0000000c   Code   RO         1587    i.HAL_RCC_GetHCLKFreq  stm32f4xx_hal_rcc.o
    0x08003bf0   0x08003bf0   0x00000020   Code   RO         1589    i.HAL_RCC_GetPCLK1Freq  stm32f4xx_hal_rcc.o
    0x08003c10   0x08003c10   0x00000020   Code   RO         1590    i.HAL_RCC_GetPCLK2Freq  stm32f4xx_hal_rcc.o
    0x08003c30   0x08003c30   0x000000b0   Code   RO         1591    i.HAL_RCC_GetSysClockFreq  stm32f4xx_hal_rcc.o
    0x08003ce0   0x08003ce0   0x0000049c   Code   RO         1594    i.HAL_RCC_OscConfig  stm32f4xx_hal_rcc.o
    0x0800417c   0x0800417c   0x00000002   Code   RO         3970    i.HAL_TIMEx_BreakCallback  stm32f4xx_hal_tim_ex.o
    0x0800417e   0x0800417e   0x00000002   Code   RO         3971    i.HAL_TIMEx_CommutCallback  stm32f4xx_hal_tim_ex.o
    0x08004180   0x08004180   0x00000066   Code   RO         3255    i.HAL_TIM_Base_Init  stm32f4xx_hal_tim.o
    0x080041e6   0x080041e6   0x00000002   Code   RO         3257    i.HAL_TIM_Base_MspInit  stm32f4xx_hal_tim.o
    0x080041e8   0x080041e8   0x000000a8   Code   RO         3260    i.HAL_TIM_Base_Start_IT  stm32f4xx_hal_tim.o
    0x08004290   0x08004290   0x00000002   Code   RO         3289    i.HAL_TIM_IC_CaptureCallback  stm32f4xx_hal_tim.o
    0x08004292   0x08004292   0x00000196   Code   RO         3303    i.HAL_TIM_IRQHandler  stm32f4xx_hal_tim.o
    0x08004428   0x08004428   0x00000002   Code   RO         3306    i.HAL_TIM_OC_DelayElapsedCallback  stm32f4xx_hal_tim.o
    0x0800442a   0x0800442a   0x00000002   Code   RO         3333    i.HAL_TIM_PWM_PulseFinishedCallback  stm32f4xx_hal_tim.o
    0x0800442c   0x0800442c   0x00000018   Code   RO          288    i.HAL_TIM_PeriodElapsedCallback  main.o
    0x08004444   0x08004444   0x00000002   Code   RO         3346    i.HAL_TIM_TriggerCallback  stm32f4xx_hal_tim.o
    0x08004446   0x08004446   0x00000082   Code   RO         4247    i.HAL_UARTEx_ReceiveToIdle_IT  stm32f4xx_hal_uart.o
    0x080044c8   0x080044c8   0x00000020   Code   RO          289    i.HAL_UARTEx_RxEventCallback  main.o
    0x080044e8   0x080044e8   0x00000002   Code   RO         4262    i.HAL_UART_ErrorCallback  stm32f4xx_hal_uart.o
    0x080044ea   0x080044ea   0x00000002   PAD
    0x080044ec   0x080044ec   0x000002e0   Code   RO         4265    i.HAL_UART_IRQHandler  stm32f4xx_hal_uart.o
    0x080047cc   0x080047cc   0x00000072   Code   RO         4266    i.HAL_UART_Init     stm32f4xx_hal_uart.o
    0x0800483e   0x0800483e   0x00000002   PAD
    0x08004840   0x08004840   0x00000118   Code   RO          555    i.HAL_UART_MspInit  usart.o
    0x08004958   0x08004958   0x00000002   Code   RO         4272    i.HAL_UART_RxCpltCallback  stm32f4xx_hal_uart.o
    0x0800495a   0x0800495a   0x00000002   Code   RO         4277    i.HAL_UART_TxCpltCallback  stm32f4xx_hal_uart.o
    0x0800495c   0x0800495c   0x00000004   Code   RO          633    i.HardFault_Handler  stm32f4xx_it.o
    0x08004960   0x08004960   0x0000003e   Code   RO         2817    i.I2C_IsAcknowledgeFailed  stm32f4xx_hal_i2c.o
    0x0800499e   0x0800499e   0x00000002   PAD
    0x080049a0   0x080049a0   0x00000160   Code   RO         2828    i.I2C_RequestMemoryRead  stm32f4xx_hal_i2c.o
    0x08004b00   0x08004b00   0x000000e0   Code   RO         2829    i.I2C_RequestMemoryWrite  stm32f4xx_hal_i2c.o
    0x08004be0   0x08004be0   0x0000005c   Code   RO         2837    i.I2C_WaitOnBTFFlagUntilTimeout  stm32f4xx_hal_i2c.o
    0x08004c3c   0x08004c3c   0x00000086   Code   RO         2838    i.I2C_WaitOnFlagUntilTimeout  stm32f4xx_hal_i2c.o
    0x08004cc2   0x08004cc2   0x000000c4   Code   RO         2839    i.I2C_WaitOnMasterAddressFlagUntilTimeout  stm32f4xx_hal_i2c.o
    0x08004d86   0x08004d86   0x00000080   Code   RO         2840    i.I2C_WaitOnRXNEFlagUntilTimeout  stm32f4xx_hal_i2c.o
    0x08004e06   0x08004e06   0x0000005c   Code   RO         2843    i.I2C_WaitOnTXEFlagUntilTimeout  stm32f4xx_hal_i2c.o
    0x08004e62   0x08004e62   0x00000002   PAD
    0x08004e64   0x08004e64   0x00000214   Code   RO         1309    i.MPU6050_DMP_Get_Date  mpu6050.o
    0x08005078   0x08005078   0x000000b0   Code   RO         1310    i.MPU6050_DMP_init  mpu6050.o
    0x08005128   0x08005128   0x00000040   Code   RO          441    i.MX_CAN1_Init      can.o
    0x08005168   0x08005168   0x00000040   Code   RO          442    i.MX_CAN2_Init      can.o
    0x080051a8   0x080051a8   0x00000048   Code   RO          488    i.MX_DMA_Init       dma.o
    0x080051f0   0x080051f0   0x000000b8   Code   RO          360    i.MX_GPIO_Init      gpio.o
    0x080052a8   0x080052a8   0x0000003c   Code   RO          514    i.MX_I2C1_Init      i2c.o
    0x080052e4   0x080052e4   0x00000038   Code   RO          556    i.MX_USART6_UART_Init  usart.o
    0x0800531c   0x0800531c   0x00000004   Code   RO          634    i.MemManage_Handler  stm32f4xx_it.o
    0x08005320   0x08005320   0x00000004   Code   RO          635    i.NMI_Handler       stm32f4xx_it.o
    0x08005324   0x08005324   0x00000016   Code   RO          185    i.Pid_Init          pid.o
    0x0800533a   0x0800533a   0x00000002   PAD
    0x0800533c   0x0800533c   0x00000034   Code   RO         5880    i.SysTick_Handler   port.o
    0x08005370   0x08005370   0x000000b0   Code   RO          290    i.SystemClock_Config  main.o
    0x08005420   0x08005420   0x00000014   Code   RO         4605    i.SystemInit        system_stm32f4xx.o
    0x08005434   0x08005434   0x00000010   Code   RO          636    i.TIM8_BRK_TIM12_IRQHandler  stm32f4xx_it.o
    0x08005444   0x08005444   0x000000d8   Code   RO         3348    i.TIM_Base_SetConfig  stm32f4xx_hal_tim.o
    0x0800551c   0x0800551c   0x00000014   Code   RO         4279    i.UART_DMAAbortOnError  stm32f4xx_hal_uart.o
    0x08005530   0x08005530   0x0000006c   Code   RO         4289    i.UART_EndRxTransfer  stm32f4xx_hal_uart.o
    0x0800559c   0x0800559c   0x00000020   Code   RO         4290    i.UART_EndTransmit_IT  stm32f4xx_hal_uart.o
    0x080055bc   0x080055bc   0x000000f8   Code   RO         4292    i.UART_Receive_IT   stm32f4xx_hal_uart.o
    0x080056b4   0x080056b4   0x0000022c   Code   RO         4293    i.UART_SetConfig    stm32f4xx_hal_uart.o
    0x080058e0   0x080058e0   0x0000004a   Code   RO         4295    i.UART_Start_Receive_IT  stm32f4xx_hal_uart.o
    0x0800592a   0x0800592a   0x00000060   Code   RO         4296    i.UART_Transmit_IT  stm32f4xx_hal_uart.o
    0x0800598a   0x0800598a   0x00000002   PAD
    0x0800598c   0x0800598c   0x00000010   Code   RO          637    i.USART6_IRQHandler  stm32f4xx_it.o
    0x0800599c   0x0800599c   0x00000004   Code   RO          638    i.UsageFault_Handler  stm32f4xx_it.o
    0x080059a0   0x080059a0   0x00000030   Code   RO         6125    i.__ARM_fpclassify  m_wm.l(fpclassify.o)
    0x080059d0   0x080059d0   0x00000010   Code   RO         2383    i.__NVIC_GetPriorityGrouping  stm32f4xx_hal_cortex.o
    0x080059e0   0x080059e0   0x00000028   Code   RO         2384    i.__NVIC_SetPriority  stm32f4xx_hal_cortex.o
    0x08005a08   0x08005a08   0x000000f8   Code   RO         6316    i.__hardfp___mathlib_tofloat  m_wm.l(narrow.o)
    0x08005b00   0x08005b00   0x00000360   Code   RO         6018    i.__hardfp_asin     m_wm.l(asin.o)
    0x08005e60   0x08005e60   0x000002d8   Code   RO         6091    i.__hardfp_atan     m_wm.l(atan.o)
    0x08006138   0x08006138   0x00000200   Code   RO         6032    i.__hardfp_atan2    m_wm.l(atan2.o)
    0x08006338   0x08006338   0x00000038   Code   RO         6044    i.__hardfp_atof     m_wm.l(atof.o)
    0x08006370   0x08006370   0x000000d0   Code   RO         6366    i.__hardfp_ldexp    m_wm.l(ldexp.o)
    0x08006440   0x08006440   0x000000f8   Code   RO         6127    i.__kernel_poly     m_wm.l(poly.o)
    0x08006538   0x08006538   0x00000014   Code   RO         6106    i.__mathlib_dbl_infnan  m_wm.l(dunder.o)
    0x0800654c   0x0800654c   0x00000014   Code   RO         6107    i.__mathlib_dbl_infnan2  m_wm.l(dunder.o)
    0x08006560   0x08006560   0x00000020   Code   RO         6108    i.__mathlib_dbl_invalid  m_wm.l(dunder.o)
    0x08006580   0x08006580   0x00000020   Code   RO         6109    i.__mathlib_dbl_overflow  m_wm.l(dunder.o)
    0x080065a0   0x080065a0   0x00000020   Code   RO         6111    i.__mathlib_dbl_underflow  m_wm.l(dunder.o)
    0x080065c0   0x080065c0   0x00000012   Code   RO         6317    i.__mathlib_narrow  m_wm.l(narrow.o)
    0x080065d2   0x080065d2   0x00000014   Code   RO         6368    i.__support_ldexp   m_wm.l(ldexp.o)
    0x080065e6   0x080065e6   0x0000000e   Code   RO         5980    i._is_digit         c_w.l(__printf_wp.o)
    0x080065f4   0x080065f4   0x00000004   Code   RO          558    i._sys_exit         usart.o
    0x080065f8   0x080065f8   0x000000c0   Code   RO          794    i.accel_self_test   inv_mpu.o
    0x080066b8   0x080066b8   0x00000010   Code   RO         6093    i.atan              m_wm.l(atan.o)
    0x080066c8   0x080066c8   0x00000044   Code   RO           15    i.can1_init         my_can.o
    0x0800670c   0x0800670c   0x00000064   Code   RO         1110    i.decode_gesture    inv_mpu_dmp_motion_driver.o
    0x08006770   0x08006770   0x0000003c   Code   RO         1111    i.dmp_enable_6x_lp_quat  inv_mpu_dmp_motion_driver.o
    0x080067ac   0x080067ac   0x0000021c   Code   RO         1112    i.dmp_enable_feature  inv_mpu_dmp_motion_driver.o
    0x080069c8   0x080069c8   0x00000058   Code   RO         1113    i.dmp_enable_gyro_cal  inv_mpu_dmp_motion_driver.o
    0x08006a20   0x08006a20   0x0000003c   Code   RO         1114    i.dmp_enable_lp_quat  inv_mpu_dmp_motion_driver.o
    0x08006a5c   0x08006a5c   0x00000018   Code   RO         1119    i.dmp_load_motion_driver_firmware  inv_mpu_dmp_motion_driver.o
    0x08006a74   0x08006a74   0x000001d4   Code   RO         1120    i.dmp_read_fifo     inv_mpu_dmp_motion_driver.o
    0x08006c48   0x08006c48   0x00000134   Code   RO         1123    i.dmp_set_accel_bias  inv_mpu_dmp_motion_driver.o
    0x08006d7c   0x08006d7c   0x00000070   Code   RO         1124    i.dmp_set_fifo_rate  inv_mpu_dmp_motion_driver.o
    0x08006dec   0x08006dec   0x00000130   Code   RO         1125    i.dmp_set_gyro_bias  inv_mpu_dmp_motion_driver.o
    0x08006f1c   0x08006f1c   0x00000138   Code   RO         1127    i.dmp_set_orientation  inv_mpu_dmp_motion_driver.o
    0x08007054   0x08007054   0x00000038   Code   RO         1130    i.dmp_set_shake_reject_thresh  inv_mpu_dmp_motion_driver.o
    0x0800708c   0x0800708c   0x00000026   Code   RO         1131    i.dmp_set_shake_reject_time  inv_mpu_dmp_motion_driver.o
    0x080070b2   0x080070b2   0x00000026   Code   RO         1132    i.dmp_set_shake_reject_timeout  inv_mpu_dmp_motion_driver.o
    0x080070d8   0x080070d8   0x00000046   Code   RO         1133    i.dmp_set_tap_axes  inv_mpu_dmp_motion_driver.o
    0x0800711e   0x0800711e   0x00000026   Code   RO         1134    i.dmp_set_tap_count  inv_mpu_dmp_motion_driver.o
    0x08007144   0x08007144   0x000001c0   Code   RO         1135    i.dmp_set_tap_thresh  inv_mpu_dmp_motion_driver.o
    0x08007304   0x08007304   0x00000026   Code   RO         1136    i.dmp_set_tap_time  inv_mpu_dmp_motion_driver.o
    0x0800732a   0x0800732a   0x00000026   Code   RO         1137    i.dmp_set_tap_time_multi  inv_mpu_dmp_motion_driver.o
    0x08007350   0x08007350   0x00000018   Code   RO         6121    i.fabs              m_wm.l(fabs.o)
    0x08007368   0x08007368   0x0000001c   Code   RO          560    i.fputc             usart.o
    0x08007384   0x08007384   0x00000004   PAD
    0x08007388   0x08007388   0x0000008c   Code   RO         6347    i.frexp             m_wm.l(frexp.o)
    0x08007414   0x08007414   0x000001c4   Code   RO          186    i.get_PIDdata       pid.o
    0x080075d8   0x080075d8   0x000000e4   Code   RO          795    i.get_accel_prod_shift  inv_mpu.o
    0x080076bc   0x080076bc   0x00000620   Code   RO          796    i.get_st_biases     inv_mpu.o
    0x08007cdc   0x08007cdc   0x0000012c   Code   RO          797    i.gyro_self_test    inv_mpu.o
    0x08007e08   0x08007e08   0x00000028   Code   RO         1311    i.inv_orientation_matrix_to_scalar  mpu6050.o
    0x08007e30   0x08007e30   0x0000004e   Code   RO         1312    i.inv_row_2_scale   mpu6050.o
    0x08007e7e   0x08007e7e   0x00000002   PAD
    0x08007e80   0x08007e80   0x000000e0   Code   RO          291    i.main              main.o
    0x08007f60   0x08007f60   0x00000070   Code   RO          798    i.mpu_configure_fifo  inv_mpu.o
    0x08007fd0   0x08007fd0   0x0000004c   Code   RO          799    i.mpu_get_accel_fsr  inv_mpu.o
    0x0800801c   0x0800801c   0x00000054   Code   RO          801    i.mpu_get_accel_sens  inv_mpu.o
    0x08008070   0x08008070   0x00000010   Code   RO          806    i.mpu_get_fifo_config  inv_mpu.o
    0x08008080   0x08008080   0x00000044   Code   RO          807    i.mpu_get_gyro_fsr  inv_mpu.o
    0x080080c4   0x080080c4   0x00000060   Code   RO          809    i.mpu_get_gyro_sens  inv_mpu.o
    0x08008124   0x08008124   0x00000050   Code   RO          811    i.mpu_get_lpf       inv_mpu.o
    0x08008174   0x08008174   0x00000020   Code   RO          813    i.mpu_get_sample_rate  inv_mpu.o
    0x08008194   0x08008194   0x000001dc   Code   RO          815    i.mpu_init          inv_mpu.o
    0x08008370   0x08008370   0x000000cc   Code   RO          816    i.mpu_load_firmware  inv_mpu.o
    0x0800843c   0x0800843c   0x00000100   Code   RO          817    i.mpu_lp_accel_mode  inv_mpu.o
    0x0800853c   0x0800853c   0x000000f0   Code   RO          820    i.mpu_read_fifo_stream  inv_mpu.o
    0x0800862c   0x0800862c   0x0000009c   Code   RO          821    i.mpu_read_mem      inv_mpu.o
    0x080086c8   0x080086c8   0x00000268   Code   RO          824    i.mpu_reset_fifo    inv_mpu.o
    0x08008930   0x08008930   0x0000011c   Code   RO          825    i.mpu_run_self_test  inv_mpu.o
    0x08008a4c   0x08008a4c   0x00000098   Code   RO          827    i.mpu_set_accel_fsr  inv_mpu.o
    0x08008ae4   0x08008ae4   0x000001a8   Code   RO          828    i.mpu_set_bypass    inv_mpu.o
    0x08008c8c   0x08008c8c   0x000000b0   Code   RO          830    i.mpu_set_dmp_state  inv_mpu.o
    0x08008d3c   0x08008d3c   0x0000009c   Code   RO          831    i.mpu_set_gyro_fsr  inv_mpu.o
    0x08008dd8   0x08008dd8   0x00000080   Code   RO          832    i.mpu_set_int_latched  inv_mpu.o
    0x08008e58   0x08008e58   0x00000098   Code   RO          834    i.mpu_set_lpf       inv_mpu.o
    0x08008ef0   0x08008ef0   0x000000b0   Code   RO          835    i.mpu_set_sample_rate  inv_mpu.o
    0x08008fa0   0x08008fa0   0x000000f0   Code   RO          836    i.mpu_set_sensors   inv_mpu.o
    0x08009090   0x08009090   0x0000009c   Code   RO          837    i.mpu_write_mem     inv_mpu.o
    0x0800912c   0x0800912c   0x00000034   Code   RO         5123    i.prvResetNextTaskUnblockTime  tasks.o
    0x08009160   0x08009160   0x0000009e   Code   RO         1313    i.run_self_test     mpu6050.o
    0x080091fe   0x080091fe   0x00000002   PAD
    0x08009200   0x08009200   0x000000b0   Code   RO          838    i.set_int_enable    inv_mpu.o
    0x080092b0   0x080092b0   0x0000006e   Code   RO         6132    i.sqrt              m_wm.l(sqrt.o)
    0x0800931e   0x0800931e   0x00000028   Code   RO         4742    i.uxListRemove      list.o
    0x08009346   0x08009346   0x00000018   Code   RO         4746    i.vListInsertEnd    list.o
    0x0800935e   0x0800935e   0x00000002   PAD
    0x08009360   0x08009360   0x0000008c   Code   RO         5148    i.vTaskSwitchContext  tasks.o
    0x080093ec   0x080093ec   0x00000148   Code   RO         5159    i.xTaskIncrementTick  tasks.o
    0x08009534   0x08009534   0x0000002c   Code   RO         6209    locale$$code        c_w.l(lc_numeric_c.o)
    0x08009560   0x08009560   0x0000002c   Code   RO         6296    locale$$code        c_w.l(lc_ctype_c.o)
    0x0800958c   0x0800958c   0x00000018   Code   RO         6068    x$fpl$basic         fz_wm.l(basic.o)
    0x080095a4   0x080095a4   0x00000062   Code   RO         6010    x$fpl$d2f           fz_wm.l(d2f.o)
    0x08009606   0x08009606   0x00000002   PAD
    0x08009608   0x08009608   0x00000150   Code   RO         6070    x$fpl$dadd          fz_wm.l(daddsub_clz.o)
    0x08009758   0x08009758   0x00000010   Code   RO         6418    x$fpl$dcheck1       fz_wm.l(dcheck1.o)
    0x08009768   0x08009768   0x00000018   Code   RO         6211    x$fpl$dcmpinf       fz_wm.l(dcmpi.o)
    0x08009780   0x08009780   0x000002b0   Code   RO         6077    x$fpl$ddiv          fz_wm.l(ddiv.o)
    0x08009a30   0x08009a30   0x00000078   Code   RO         6080    x$fpl$deqf          fz_wm.l(deqf.o)
    0x08009aa8   0x08009aa8   0x00000078   Code   RO         6213    x$fpl$dleqf         fz_wm.l(dleqf.o)
    0x08009b20   0x08009b20   0x00000154   Code   RO         6012    x$fpl$dmul          fz_wm.l(dmul.o)
    0x08009c74   0x08009c74   0x0000009c   Code   RO         6082    x$fpl$dnaninf       fz_wm.l(dnaninf.o)
    0x08009d10   0x08009d10   0x0000000c   Code   RO         6084    x$fpl$dretinf       fz_wm.l(dretinf.o)
    0x08009d1c   0x08009d1c   0x0000006c   Code   RO         6343    x$fpl$drleqf        fz_wm.l(drleqf.o)
    0x08009d88   0x08009d88   0x00000016   Code   RO         6071    x$fpl$drsb          fz_wm.l(daddsub_clz.o)
    0x08009d9e   0x08009d9e   0x00000002   PAD
    0x08009da0   0x08009da0   0x00000198   Code   RO         6215    x$fpl$dsqrt         fz_wm.l(dsqrt_umaal.o)
    0x08009f38   0x08009f38   0x000001d4   Code   RO         6072    x$fpl$dsub          fz_wm.l(daddsub_clz.o)
    0x0800a10c   0x0800a10c   0x00000056   Code   RO         6014    x$fpl$f2d           fz_wm.l(f2d.o)
    0x0800a162   0x0800a162   0x0000008c   Code   RO         6086    x$fpl$fnaninf       fz_wm.l(fnaninf.o)
    0x0800a1ee   0x0800a1ee   0x0000000a   Code   RO         6308    x$fpl$fpinit        fz_wm.l(fpinit.o)
    0x0800a1f8   0x0800a1f8   0x0000000a   Code   RO         6088    x$fpl$fretinf       fz_wm.l(fretinf.o)
    0x0800a202   0x0800a202   0x00000006   Code   RO         6217    x$fpl$ieeestatus    fz_wm.l(istatus.o)
    0x0800a208   0x0800a208   0x00000004   Code   RO         6016    x$fpl$printf1       fz_wm.l(printf1.o)
    0x0800a20c   0x0800a20c   0x00000064   Code   RO         6420    x$fpl$retnan        fz_wm.l(retnan.o)
    0x0800a270   0x0800a270   0x0000005c   Code   RO         6416    x$fpl$scalbn        fz_wm.l(scalbn.o)
    0x0800a2cc   0x0800a2cc   0x00000004   Code   RO         6219    x$fpl$scanf1        fz_wm.l(scanf1.o)
    0x0800a2d0   0x0800a2d0   0x00000008   Code   RO         6310    x$fpl$scanf2        fz_wm.l(scanf2.o)
    0x0800a2d8   0x0800a2d8   0x00000030   Code   RO         6422    x$fpl$trapveneer    fz_wm.l(trapv.o)
    0x0800a308   0x0800a308   0x00000000   Code   RO         6090    x$fpl$usenofp       fz_wm.l(usenofp.o)
    0x0800a308   0x0800a308   0x00000054   Data   RO          840    .constdata          inv_mpu.o
    0x0800a35c   0x0800a35c   0x00000bf6   Data   RO         1139    .constdata          inv_mpu_dmp_motion_driver.o
    0x0800af52   0x0800af52   0x00000008   Data   RO         2100    .constdata          stm32f4xx_hal_dma.o
    0x0800af5a   0x0800af5a   0x00000018   Data   RO         4606    .constdata          system_stm32f4xx.o
    0x0800af72   0x0800af72   0x00000006   PAD
    0x0800af78   0x0800af78   0x00000050   Data   RO         6021    .constdata          m_wm.l(asin.o)
    0x0800afc8   0x0800afc8   0x00000098   Data   RO         6094    .constdata          m_wm.l(atan.o)
    0x0800b060   0x0800b060   0x00000008   Data   RO         6129    .constdata          m_wm.l(qnan.o)
    0x0800b068   0x0800b068   0x00000094   Data   RO         6180    .constdata          c_w.l(bigflt0.o)
    0x0800b0fc   0x0800b0fc   0x00000020   Data   RO         6424    Region$$Table       anon$$obj.o
    0x0800b11c   0x0800b11c   0x00000008   Data   RO         6304    c$$dinf             fz_wm.l(fpconst.o)
    0x0800b124   0x0800b124   0x00000008   Data   RO         6307    c$$dmax             fz_wm.l(fpconst.o)
    0x0800b12c   0x0800b12c   0x0000001c   Data   RO         6208    locale$$data        c_w.l(lc_numeric_c.o)
    0x0800b148   0x0800b148   0x00000110   Data   RO         6295    locale$$data        c_w.l(lc_ctype_c.o)


    Execution Region RW_IRAM1 (Exec base: 0x20000000, Load base: 0x0800b258, Size: 0x00000e38, Max: 0x0001c000, ABSOLUTE)

    Exec Addr    Load Addr    Size         Type   Attr      Idx    E Section Name        Object

    0x20000000   0x0800b258   0x00000004   Data   RW          444    .data               can.o
    0x20000004   0x0800b25c   0x00000004   Data   RW          562    .data               usart.o
    0x20000008   0x0800b260   0x0000002c   Data   RW          841    .data               inv_mpu.o
    0x20000034   0x0800b28c   0x00000009   Data   RW         1314    .data               mpu6050.o
    0x2000003d   0x0800b295   0x00000003   PAD
    0x20000040   0x0800b298   0x00000009   Data   RW         2532    .data               stm32f4xx_hal.o
    0x20000049   0x0800b2a1   0x00000003   PAD
    0x2000004c   0x0800b2a4   0x00000004   Data   RW         4607    .data               system_stm32f4xx.o
    0x20000050   0x0800b2a8   0x0000003c   Data   RW         5168    .data               tasks.o
    0x2000008c        -       0x0000000c   Zero   RW           17    .bss                my_can.o
    0x20000098        -       0x0000044c   Zero   RW          292    .bss                main.o
    0x200004e4        -       0x00000050   Zero   RW          443    .bss                can.o
    0x20000534        -       0x00000054   Zero   RW          515    .bss                i2c.o
    0x20000588        -       0x00000104   Zero   RW          561    .bss                usart.o
    0x2000068c        -       0x00000048   Zero   RW          758    .bss                stm32f4xx_hal_timebase_tim.o
    0x200006d4        -       0x00000010   Zero   RW         1138    .bss                inv_mpu_dmp_motion_driver.o
    0x200006e4        -       0x000000f0   Zero   RW         5167    .bss                tasks.o
    0x200007d4        -       0x00000060   Zero   RW         6222    .bss                c_w.l(libspace.o)
    0x20000834   0x0800b2e4   0x00000004   PAD
    0x20000838        -       0x00000200   Zero   RW            2    HEAP                startup_stm32f405xx.o
    0x20000a38        -       0x00000400   Zero   RW            1    STACK               startup_stm32f405xx.o


    Execution Region RW_IRAM2 (Exec base: 0x2001c000, Load base: 0x0800b2e4, Size: 0x00000000, Max: 0x00004000, ABSOLUTE)

    **** No section assigned to this execution region ****


==============================================================================

Image component sizes


      Code (inc. data)   RO Data    RW Data    ZI Data      Debug   Object Name

       516         40          0          4         80       2414   can.o
        72          4          0          0          0        758   dma.o
         0          0          0          0          0      15884   event_groups.o
       184         10          0          0          0        955   gpio.o
       196         26          0          0         84       1625   i2c.o
      7020        282         84         44          0      28367   inv_mpu.o
      3140        142       3062          0         16      20638   inv_mpu_dmp_motion_driver.o
        64          0          0          0          0       1688   list.o
       578         66          0          0       1100       5197   main.o
       984         22          0          9          0       4490   mpu6050.o
        68          4          0          0         12     660913   my_can.o
       474         58          0          0          0      10057   pid.o
       242         22          0          0          0       4022   port.o
        64         26        392          0       1536        836   startup_stm32f405xx.o
       136         24          0          9          0       8674   stm32f4xx_hal.o
      1792          6          0          0          0      13120   stm32f4xx_hal_can.o
       252         22          0          0          0      33630   stm32f4xx_hal_cortex.o
      1246         16          8          0          0       5315   stm32f4xx_hal_dma.o
       512         46          0          0          0       2084   stm32f4xx_hal_gpio.o
      2856         46          0          0          0      11582   stm32f4xx_hal_i2c.o
        84          6          0          0          0        846   stm32f4xx_hal_msp.o
      1888         94          0          0          0       6217   stm32f4xx_hal_rcc.o
       902         76          0          0          0       6382   stm32f4xx_hal_tim.o
         4          0          0          0          0       1545   stm32f4xx_hal_tim_ex.o
       180         20          0          0         72       1444   stm32f4xx_hal_timebase_tim.o
      2120         14          0          0          0      10517   stm32f4xx_hal_uart.o
       150         48          0          0          0       6727   stm32f4xx_it.o
        20          6         24          4          0       1103   system_stm32f4xx.o
       520         78          0         60        240       9393   tasks.o
       368         38          0          4        260       4188   usart.o

    ----------------------------------------------------------------------
     26662       1246       3608        140       3400     880611   Object Totals
         0          0         32          0          0          0   (incl. Generated)
        30          4          6          6          0          0   (incl. Padding)

    ----------------------------------------------------------------------

      Code (inc. data)   RO Data    RW Data    ZI Data      Debug   Library Member Name

         8          0          0          0          0         68   __main.o
       104          0          0          0          0         84   __printf.o
        14          0          0          0          0         68   __printf_wp.o
         0          0          0          0          0          0   __rtentry.o
        12          0          0          0          0          0   __rtentry2.o
         6          0          0          0          0          0   __rtentry4.o
        52          8          0          0          0          0   __scatter.o
        26          0          0          0          0          0   __scatter_copy.o
        28          0          0          0          0          0   __scatter_zi.o
        28          0          0          0          0         68   _chval.o
        48          6          0          0          0         96   _printf_char_common.o
        36          4          0          0          0         80   _printf_char_file.o
         6          0          0          0          0          0   _printf_f.o
      1054          0          0          0          0        216   _printf_fp_dec.o
       128         16          0          0          0         84   _printf_fp_infnan.o
         0          0          0          0          0          0   _printf_percent.o
         4          0          0          0          0          0   _printf_percent_end.o
        22          0          0          0          0        100   _rserrno.o
        64          0          0          0          0         84   _sgetc.o
        16          0          0          0          0         68   aeabi_memset.o
       228          4        148          0          0         96   bigflt0.o
      2152        136          0          0          0        960   btod.o
        18          0          0          0          0         80   exit.o
         8          0          0          0          0         68   ferror.o
         6          0          0          0          0        152   heapauxi.o
        18          0          0          0          0         76   isspace.o
        44         10        272          0          0         76   lc_ctype_c.o
        44         10         28          0          0         76   lc_numeric_c.o
         2          0          0          0          0          0   libinit.o
        34          0          0          0          0          0   libinit2.o
         2          0          0          0          0          0   libshutdown.o
         2          0          0          0          0          0   libshutdown2.o
         8          4          0          0         96         68   libspace.o
        72          0          0          0          0         76   llsdiv.o
        38          0          0          0          0         68   llshl.o
       138          0          0          0          0         80   lludiv10.o
       238          0          0          0          0        100   lludivv7m.o
        88          0          0          0          0         76   memcmp.o
        24          4          0          0          0         84   noretval__2printf.o
        16          4          0          0          0         76   rt_ctype_table.o
         8          4          0          0          0         68   rt_errno_addr_intlibspace.o
         8          4          0          0          0         68   rt_locale_intlibspace.o
        68          0          0          0          0         68   rt_memclr.o
        78          0          0          0          0         80   rt_memclr_w.o
         2          0          0          0          0          0   rtexit.o
        10          0          0          0          0          0   rtexit2.o
      1272         16          0          0          0        168   scanf_fp.o
       800         14          0          0          0        100   scanf_hexfp.o
       308         16          0          0          0        100   scanf_infnan.o
       128          0          0          0          0         68   strcmpv7m.o
        86          0          0          0          0         76   strncpy.o
       164         14          0          0          0        120   strtod.o
        74          0          0          0          0         80   sys_stackheap_outer.o
         2          0          0          0          0         68   use_no_semi.o
         2          0          0          0          0         68   use_no_semi_2.o
        24          0          0          0          0        164   basic.o
        98          4          0          0          0        140   d2f.o
       826         16          0          0          0        492   daddsub_clz.o
        16          4          0          0          0        116   dcheck1.o
        24          0          0          0          0        116   dcmpi.o
       688        140          0          0          0        256   ddiv.o
       120          4          0          0          0        140   deqf.o
       120          4          0          0          0        140   dleqf.o
       340         12          0          0          0        152   dmul.o
       156          4          0          0          0        140   dnaninf.o
        12          0          0          0          0        116   dretinf.o
       108          0          0          0          0        128   drleqf.o
       408         56          0          0          0        168   dsqrt_umaal.o
        86          4          0          0          0        132   f2d.o
       140          4          0          0          0        132   fnaninf.o
         0          0         16          0          0          0   fpconst.o
        10          0          0          0          0        116   fpinit.o
        10          0          0          0          0        116   fretinf.o
         6          0          0          0          0        116   istatus.o
         4          0          0          0          0        116   printf1.o
       100          0          0          0          0        116   retnan.o
        92          0          0          0          0        116   scalbn.o
         4          0          0          0          0        116   scanf1.o
         8          0          0          0          0        132   scanf2.o
        48          0          0          0          0        116   trapv.o
         0          0          0          0          0          0   usenofp.o
       864         94         80          0          0        280   asin.o
       744        106        152          0          0        352   atan.o
       512         64          0          0          0        208   atan2.o
        56         12          0          0          0        132   atof.o
       136         24          0          0          0        620   dunder.o
        24          0          0          0          0        124   fabs.o
        48          0          0          0          0        124   fpclassify.o
       140         22          0          0          0        132   frexp.o
       228          8          0          0          0        308   ldexp.o
       266         16          0          0          0        308   narrow.o
       248          0          0          0          0        152   poly.o
         0          0          8          0          0          0   qnan.o
       110          0          0          0          0        148   sqrt.o

    ----------------------------------------------------------------------
     14682        874        704          0        100      10840   Library Totals
        12          2          0          0          4          0   (incl. Padding)

    ----------------------------------------------------------------------

      Code (inc. data)   RO Data    RW Data    ZI Data      Debug   Library Name

      7846        274        448          0         96       4360   c_w.l
      3448        252         16          0          0       3592   fz_wm.l
      3376        346        240          0          0       2888   m_wm.l

    ----------------------------------------------------------------------
     14682        874        704          0        100      10840   Library Totals

    ----------------------------------------------------------------------

==============================================================================


      Code (inc. data)   RO Data    RW Data    ZI Data      Debug   

     41344       2120       4312        140       3500     868007   Grand Totals
     41344       2120       4312        140       3500     868007   ELF Image Totals
     41344       2120       4312        140          0          0   ROM Totals

==============================================================================

    Total RO  Size (Code + RO Data)                45656 (  44.59kB)
    Total RW  Size (RW Data + ZI Data)              3640 (   3.55kB)
    Total ROM Size (Code + RO Data + RW Data)      45796 (  44.72kB)

==============================================================================

